Microchip MPLAB XC8 Compiler V1.38 ()

Linker command line:

-W-3 --edf=C:\Program Files (x86)\Microchip\xc8\v1.38\dat\en_msgs.txt -cs \
  -h+dist/default/production\Sensor_Glove.production.sym \
  --cmf=dist/default/production\Sensor_Glove.production.cmf -z -Q18F25K80 \
  -oC:\Users\Intern\AppData\Local\Temp\s5a0.2 \
  -Mdist/default/production/Sensor_Glove.production.map -E1 -ver=XC8 \
  -ASTACK=060h-0e40h -pstack=STACK -ACODE=00h-07FFFh -ACONST=00h-07FFFh \
  -ASMALLCONST=0F00h-0FFFhx113 -AMEDIUMCONST=0F00h-07FFFh -ACOMRAM=01h-05Fh \
  -AABS1=00h-0E40h -ABIGRAM=01h-0E40h \
  -ARAM=060h-0FFh,0100h-01FFhx13,0E00h-0E40h -ABANK0=060h-0FFh \
  -ABANK1=0100h-01FFh -ABANK2=0200h-02FFh -ABANK3=0300h-03FFh \
  -ABANK4=0400h-04FFh -ABANK5=0500h-05FFh -ABANK6=0600h-06FFh \
  -ABANK7=0700h-07FFh -ABANK8=0800h-08FFh -ABANK9=0900h-09FFh \
  -ABANK10=0A00h-0AFFh -ABANK11=0B00h-0BFFh -ABANK12=0C00h-0CFFh \
  -ABANK13=0D00h-0DFFh -ABANK14=0E00h-0E40h \
  -ASFR=0E41h-0EFFh,0F00h-0F5Fh,0F60h-0FFFh \
  -preset_vec=00h,intcode,intcodelo,powerup,init,end_init -pramtop=0F00h \
  -psmallconst=SMALLCONST -pmediumconst=MEDIUMCONST -pconst=CONST \
  -AFARRAM=00h-00h -ACONFIG=0300000h-030000Dh -pconfig=CONFIG \
  -AIDLOC=0200000h-0200007h -pidloc=IDLOC -AEEDATA=0F00000h-0F003FFh \
  -peeprom_data=EEDATA \
  -prdata=COMRAM,nvrram=COMRAM,nvbit=COMRAM,rbss=COMRAM,rbit=COMRAM \
  -pfarbss=FARRAM,fardata=FARRAM,nvFARRAM=FARRAM \
  -pintsave_regs=BIGRAM,bigbss=BIGRAM,bigdata=BIGRAM -pbss=RAM \
  -pidata=CODE,irdata=CODE,ibigdata=CODE,ifardata=CODE -prparam=COMRAM \
  C:\Users\Intern\AppData\Local\Temp\s5a0.obj \
  dist/default/production\Sensor_Glove.production.obj 

Object code version is 3.11

Machine type is 18F25K80

Call graph: (short form)




                Name                               Link     Load   Length Selector   Space Scale
C:\Users\Intern\AppData\Local\Temp\s5a0.obj
                end_init                              0        0        4        0       0
                idloc                            200000   200000        8   200000       0
                config                           300000   300000        E   300000       0
dist/default/production\Sensor_Glove.production.obj
                text11                             7ED8     7ED8       84     3F6C       0
                text10                             7E1A     7E1A       40     3F0D       0
                text9                              7E5A     7E5A       7E     3F2D       0
                text8                              7DE6     7DE6       34     3EF3       0
                text7                              7DB8     7DB8       2E     3EDC       0
                text6                              7D6E     7D6E       14     3EB7       0
                text5                              7D3C     7D3C        A     3E9E       0
                text4                              7D46     7D46        A     3EA3       0
                text3                              7D9C     7D9C       1C     3ECE       0
                text2                              7D50     7D50        C     3EA8       0
                text1                              7D82     7D82       1A     3EC1       0
                text0                              7F5C     7F5C       A4     3FAE       0
                cstackCOMRAM                          1        1       23        1       1
                bssCOMRAM                            24       24       18        1       1
                cinit                              7D5C     7D5C       12     3EAE       0

TOTAL           Name                               Link     Load   Length     Space
        CLASS   STACK          

        CLASS   CODE           
                end_init                              0        0        4         0
                text11                             7ED8     7ED8       84         0
                text10                             7E1A     7E1A       40         0
                text9                              7E5A     7E5A       7E         0
                text8                              7DE6     7DE6       34         0
                text7                              7DB8     7DB8       2E         0
                text6                              7D6E     7D6E       14         0
                text5                              7D3C     7D3C        A         0
                text4                              7D46     7D46        A         0
                text3                              7D9C     7D9C       1C         0
                text2                              7D50     7D50        C         0
                text1                              7D82     7D82       1A         0
                text0                              7F5C     7F5C       A4         0
                cinit                              7D5C     7D5C       12         0

        CLASS   CONST          

        CLASS   SMALLCONST     

        CLASS   MEDIUMCONST    

        CLASS   COMRAM         
                cstackCOMRAM                          1        1       23         1
                bssCOMRAM                            24       24       18         1

        CLASS   ABS1           

        CLASS   BIGRAM         

        CLASS   RAM            

        CLASS   BANK0          

        CLASS   BANK1          

        CLASS   BANK2          

        CLASS   BANK3          

        CLASS   BANK4          

        CLASS   BANK5          

        CLASS   BANK6          

        CLASS   BANK7          

        CLASS   BANK8          

        CLASS   BANK9          

        CLASS   BANK10         

        CLASS   BANK11         

        CLASS   BANK12         

        CLASS   BANK13         

        CLASS   BANK14         

        CLASS   SFR            

        CLASS   FARRAM         

        CLASS   CONFIG         
                config                           300000   300000        E         0

        CLASS   IDLOC          
                idloc                            200000   200000        8         0

        CLASS   EEDATA         



SEGMENTS        Name                           Load    Length   Top    Selector   Space  Class

                reset_vec                      000000  000004  000004         0       0  CODE    
                cstackCOMRAM                   000001  00003B  00003C         1       1  COMRAM  
                text5                          007D3C  00000A  007D46      3E9E       0  CODE    
                text4                          007D46  00000A  007D50      3EA3       0  CODE    
                text2                          007D50  00000C  007D5C      3EA8       0  CODE    
                cinit                          007D5C  000012  007D6E      3EAE       0  CODE    
                text6                          007D6E  000014  007D82      3EB7       0  CODE    
                text1                          007D82  00001A  007D9C      3EC1       0  CODE    
                text3                          007D9C  00001C  007DB8      3ECE       0  CODE    
                text7                          007DB8  00002E  007DE6      3EDC       0  CODE    
                text8                          007DE6  000034  007E1A      3EF3       0  CODE    
                text10                         007E1A  000040  007E5A      3F0D       0  CODE    
                text9                          007E5A  00007E  007ED8      3F2D       0  CODE    
                text11                         007ED8  000084  007F5C      3F6C       0  CODE    
                text0                          007F5C  0000A4  008000      3FAE       0  CODE    
                idloc                          200000  000008  200008    200000       0  IDLOC   
                config                         300000  00000E  30000E    300000       0  CONFIG  


UNUSED ADDRESS RANGES

        Name                Unused          Largest block    Delta
        BANK0            000060-0000FF               A0
        BANK1            000100-0001FF              100
        BANK10           000A00-000AFF              100
        BANK11           000B00-000BFF              100
        BANK12           000C00-000CFF              100
        BANK13           000D00-000DFF              100
        BANK14           000E00-000E40               41
        BANK2            000200-0002FF              100
        BANK3            000300-0003FF              100
        BANK4            000400-0004FF              100
        BANK5            000500-0005FF              100
        BANK6            000600-0006FF              100
        BANK7            000700-0007FF              100
        BANK8            000800-0008FF              100
        BANK9            000900-0009FF              100
        BIGRAM           00003C-000E40              E05
        CODE             000004-007D3B             7D38
        COMRAM           00003C-00005F               24
        CONST            000004-007D3B             7D38
        EEDATA           F00000-F003FF              400
        MEDIUMCONST      000F00-007D3B             6E3C
        RAM              000060-000E40              100
        SFR              000E41-000FFF               BF
        SMALLCONST       000F00-007D3B              100
        STACK            000060-000E40              DE1

                                  Symbol Table

?___awdiv                         cstackCOMRAM 000001
?_get_ID                          cstackCOMRAM 000017
?_read_sensor                     cstackCOMRAM 000017
?_w16_r16_spi                     cstackCOMRAM 000001
_BAUDCON1                         (abs)        000FA7
_CDC_RESULT                       bssCOMRAM    000024
_LATCbits                         (abs)        000F8B
_PIE1bits                         (abs)        000F9D
_PIR1bits                         (abs)        000F9E
_RC1IF                            (abs)        007CF5
_RCREG1                           (abs)        000FAE
_RCSTA1bits                       (abs)        000FAB
_SPBRG1                           (abs)        000FAF
_SSPBUF                           (abs)        000FC9
_SSPCON1bits                      (abs)        000FC6
_SSPSTATbits                      (abs)        000FC7
_TRISB                            (abs)        000F93
_TRISC                            (abs)        000F94
_TXREG1                           (abs)        000FAD
_TXSTA1                           (abs)        000FAC
_TXSTA1bits                       (abs)        000FAC
__CFG_CANMX$PORTB                 (abs)        000000
__CFG_CP0$OFF                     (abs)        000000
__CFG_FCMEN$OFF                   (abs)        000000
__CFG_FOSC$HS1                    (abs)        000000
__CFG_IESO$OFF                    (abs)        000000
__CFG_STVREN$ON                   (abs)        000000
__CFG_WDTEN$OFF                   (abs)        000000
__CFG_XINST$OFF                   (abs)        000000
__HRAM                            (abs)        000000
__Habs1                           abs1         000000
__Hbank0                          bank0        000000
__Hbank1                          bank1        000000
__Hbank10                         bank10       000000
__Hbank11                         bank11       000000
__Hbank12                         bank12       000000
__Hbank13                         bank13       000000
__Hbank14                         bank14       000000
__Hbank2                          bank2        000000
__Hbank3                          bank3        000000
__Hbank4                          bank4        000000
__Hbank5                          bank5        000000
__Hbank6                          bank6        000000
__Hbank7                          bank7        000000
__Hbank8                          bank8        000000
__Hbank9                          bank9        000000
__Hbigbss                         bigbss       000000
__Hbigdata                        bigdata      000000
__Hbigram                         bigram       000000
__Hbss                            bss          000000
__HbssCOMRAM                      bssCOMRAM    000000
__Hcinit                          cinit        000000
__Hclrtext                        clrtext      000000
__Hcomram                         comram       000000
__Hconfig                         config       30000E
__Hconst                          const        000000
__HcstackCOMRAM                   cstackCOMRAM 000000
__Hdata                           data         000000
__Heeprom_data                    eeprom_data  000000
__Hend_init                       end_init     000004
__Hfarbss                         farbss       000000
__Hfardata                        fardata      000000
__Hibigdata                       ibigdata     000000
__Hidata                          idata        000000
__Hidloc                          idloc        200008
__Hifardata                       ifardata     000000
__Hinit                           init         000000
__Hintcode                        intcode      000000
__Hintcode_body                   intcode_body 000000
__Hintcodelo                      intcodelo    000000
__Hintentry                       intentry     000000
__Hintret                         intret       000000
__Hintsave_regs                   intsave_regs 000000
__Hirdata                         irdata       000000
__Hmediumconst                    mediumconst  000000
__HnvFARRAM                       nvFARRAM     000000
__Hnvbit                          nvbit        000000
__Hnvrram                         nvrram       000000
__Hparam                          rparam       000000
__Hpowerup                        powerup      000000
__Hram                            ram          000000
__Hramtop                         ramtop       000F00
__Hrbit                           rbit         000000
__Hrbss                           rbss         000000
__Hrdata                          rdata        000000
__Hreset_vec                      reset_vec    000000
__Hrparam                         rparam       000000
__Hsfr                            sfr          000000
__Hsmallconst                     smallconst   000000
__Hspace_0                        (abs)        30000E
__Hspace_1                        (abs)        00003C
__Hspace_2                        (abs)        000000
__Hstack                          stack        000000
__Hstruct                         struct       000000
__Htemp                           temp         000000
__Htext                           text         000000
__Htext0                          text0        000000
__Htext1                          text1        000000
__Htext10                         text10       000000
__Htext11                         text11       000000
__Htext2                          text2        000000
__Htext3                          text3        000000
__Htext4                          text4        000000
__Htext5                          text5        000000
__Htext6                          text6        000000
__Htext7                          text7        000000
__Htext8                          text8        000000
__Htext9                          text9        000000
__LRAM                            (abs)        000001
__Labs1                           abs1         000000
__Lbank0                          bank0        000000
__Lbank1                          bank1        000000
__Lbank10                         bank10       000000
__Lbank11                         bank11       000000
__Lbank12                         bank12       000000
__Lbank13                         bank13       000000
__Lbank14                         bank14       000000
__Lbank2                          bank2        000000
__Lbank3                          bank3        000000
__Lbank4                          bank4        000000
__Lbank5                          bank5        000000
__Lbank6                          bank6        000000
__Lbank7                          bank7        000000
__Lbank8                          bank8        000000
__Lbank9                          bank9        000000
__Lbigbss                         bigbss       000000
__Lbigdata                        bigdata      000000
__Lbigram                         bigram       000000
__Lbss                            bss          000000
__LbssCOMRAM                      bssCOMRAM    000000
__Lcinit                          cinit        000000
__Lclrtext                        clrtext      000000
__Lcomram                         comram       000000
__Lconfig                         config       300000
__Lconst                          const        000000
__LcstackCOMRAM                   cstackCOMRAM 000000
__Ldata                           data         000000
__Leeprom_data                    eeprom_data  000000
__Lend_init                       end_init     000000
__Lfarbss                         farbss       000000
__Lfardata                        fardata      000000
__Libigdata                       ibigdata     000000
__Lidata                          idata        000000
__Lidloc                          idloc        200000
__Lifardata                       ifardata     000000
__Linit                           init         000000
__Lintcode                        intcode      000000
__Lintcode_body                   intcode_body 000000
__Lintcodelo                      intcodelo    000000
__Lintentry                       intentry     000000
__Lintret                         intret       000000
__Lintsave_regs                   intsave_regs 000000
__Lirdata                         irdata       000000
__Lmediumconst                    mediumconst  000000
__LnvFARRAM                       nvFARRAM     000000
__Lnvbit                          nvbit        000000
__Lnvrram                         nvrram       000000
__Lparam                          rparam       000000
__Lpowerup                        powerup      000000
__Lram                            ram          000000
__Lramtop                         ramtop       000F00
__Lrbit                           rbit         000000
__Lrbss                           rbss         000000
__Lrdata                          rdata        000000
__Lreset_vec                      reset_vec    000000
__Lrparam                         rparam       000000
__Lsfr                            sfr          000000
__Lsmallconst                     smallconst   000000
__Lspace_0                        (abs)        000000
__Lspace_1                        (abs)        000000
__Lspace_2                        (abs)        000000
__Lstack                          stack        000000
__Lstruct                         struct       000000
__Ltemp                           temp         000000
__Ltext                           text         000000
__Ltext0                          text0        000000
__Ltext1                          text1        000000
__Ltext10                         text10       000000
__Ltext11                         text11       000000
__Ltext2                          text2        000000
__Ltext3                          text3        000000
__Ltext4                          text4        000000
__Ltext5                          text5        000000
__Ltext6                          text6        000000
__Ltext7                          text7        000000
__Ltext8                          text8        000000
__Ltext9                          text9        000000
__S0                              (abs)        30000E
__S1                              (abs)        00003C
__S2                              (abs)        000000
___awdiv                          text11       007ED8
___awdiv@counter                  cstackCOMRAM 000005
___awdiv@dividend                 cstackCOMRAM 000001
___awdiv@divisor                  cstackCOMRAM 000003
___awdiv@quotient                 cstackCOMRAM 000007
___awdiv@sign                     cstackCOMRAM 000006
___inthi_sp                       stack        000000
___intlo_sp                       stack        000000
___param_bank                     (abs)        000010
___rparam_used                    (abs)        000001
___sp                             stack        000000
__accesstop                       (abs)        000060
__activetblptr                    (abs)        000000
__end_of___awdiv                  text11       007F5C
__end_of__initialization          cinit        007D68
__end_of_delay_ms                 text10       007E5A
__end_of_get_ID                   text8        007E1A
__end_of_init_uart                text6        007D82
__end_of_main                     text0        008000
__end_of_read_sensor              text7        007DE6
__end_of_setup_mcu                text4        007D50
__end_of_setup_port               text5        007D46
__end_of_setup_spi                text3        007DB8
__end_of_uart_write_char          text2        007D5C
__end_of_uart_write_unsigned_int  text1        007D9C
__end_of_w16_r16_spi              text9        007ED8
__initialization                  cinit        007D5C
__mediumconst                     mediumconst  000000
__pbssCOMRAM                      bssCOMRAM    000024
__pcinit                          cinit        007D5C
__pcstackCOMRAM                   cstackCOMRAM 000001
__ptext0                          text0        007F5C
__ptext1                          text1        007D82
__ptext10                         text10       007E1A
__ptext11                         text11       007ED8
__ptext2                          text2        007D50
__ptext3                          text3        007D9C
__ptext4                          text4        007D46
__ptext5                          text5        007D3C
__ptext6                          text6        007D6E
__ptext7                          text7        007DB8
__ptext8                          text8        007DE6
__ptext9                          text9        007E5A
__ramtop                          ramtop       000F00
__size_of___awdiv                 (abs)        000000
__size_of_delay_ms                (abs)        000000
__size_of_get_ID                  (abs)        000000
__size_of_init_uart               (abs)        000000
__size_of_main                    (abs)        000000
__size_of_read_sensor             (abs)        000000
__size_of_setup_mcu               (abs)        000000
__size_of_setup_port              (abs)        000000
__size_of_setup_spi               (abs)        000000
__size_of_uart_write_char         (abs)        000000
__size_of_uart_write_unsigned_int (abs)        000000
__size_of_w16_r16_spi             (abs)        000000
__smallconst                      smallconst   000000
_delay_ms                         text10       007E1A
_get_ID                           text8        007DE6
_init_uart                        text6        007D6E
_main                             text0        007F5C
_read_sensor                      text7        007DB8
_setup_mcu                        text4        007D46
_setup_port                       text5        007D3C
_setup_spi                        text3        007D9C
_uart_write_char                  text2        007D50
_uart_write_unsigned_int          text1        007D82
_w16_r16_spi                      text9        007E5A
delay_ms@j                        cstackCOMRAM 00000C
delay_ms@n                        cstackCOMRAM 000009
end_of_initialization             cinit        007D68
get_ID@cdc                        cstackCOMRAM 000017
get_ID@result                     cstackCOMRAM 00001A
intlevel0                         text         000000
intlevel1                         text         000000
intlevel2                         text         000000
intlevel3                         text         000000
main@bb                           cstackCOMRAM 00001D
main@device_ID                    cstackCOMRAM 00001F
main@indicator                    cstackCOMRAM 000023
main@sensor_0                     cstackCOMRAM 000021
read_sensor@register1             cstackCOMRAM 000019
read_sensor@sensor                cstackCOMRAM 000017
read_sensor@sensor_value          cstackCOMRAM 00001B
stackhi                           (abs)        000E40
stacklo                           (abs)        000060
start                             init         000000
start_initialization              cinit        007D5C
uart_write_char@data              cstackCOMRAM 000001
uart_write_unsigned_int@char1     cstackCOMRAM 000003
uart_write_unsigned_int@char2     cstackCOMRAM 000004
uart_write_unsigned_int@number    cstackCOMRAM 000001
w16_r16_spi@address               cstackCOMRAM 000001
w16_r16_spi@address_high          cstackCOMRAM 00000B
w16_r16_spi@address_low           cstackCOMRAM 000009
w16_r16_spi@blank_high            cstackCOMRAM 000011
w16_r16_spi@blank_low             cstackCOMRAM 00000F
w16_r16_spi@p1                    cstackCOMRAM 000005
w16_r16_spi@p2                    cstackCOMRAM 000007
w16_r16_spi@p3                    cstackCOMRAM 000013
w16_r16_spi@p4                    cstackCOMRAM 000015
w16_r16_spi@result                cstackCOMRAM 00000D


FUNCTION INFORMATION:

 *************** function _main *****************
 Defined at:
		line 6 in file "main.c"
 Parameters:    Size  Location     Type
		None
 Auto vars:     Size  Location     Type
  sensor_0        2   32[COMRAM] unsigned int 
  device_ID       2   30[COMRAM] unsigned int 
  bb              2   28[COMRAM] unsigned int 
  indicator       1   34[COMRAM] unsigned char 
 Return value:  Size  Location     Type
                  1    wreg      void 
 Registers used:
		wreg, status,2, status,0, cstack
 Tracked objects:
		On entry : 
		On exit  : 
		Unchanged: 
 Data sizes:     COMRAM   BANK0   BANK1   BANK2   BANK3   BANK4   BANK5   BANK6   BANK7   BANK8   BANK9  BANK10  BANK11  BANK12  BANK13  BANK14
      Params:         0       0       0       0       0       0       0       0       0       0       0       0       0       0       0       0
      Locals:         7       0       0       0       0       0       0       0       0       0       0       0       0       0       0       0
      Temps:          0       0       0       0       0       0       0       0       0       0       0       0       0       0       0       0
      Totals:         7       0       0       0       0       0       0       0       0       0       0       0       0       0       0       0
Total ram usage:        7 bytes
 Hardware stack levels required when called:    2
 This function calls:
		_delay_ms
		_get_ID
		_read_sensor
		_setup_mcu
		_setup_spi
		_uart_write_char
		_uart_write_unsigned_int
 This function is called by:
		Startup code after reset
 This function uses a non-reentrant model


 *************** function _uart_write_unsigned_int *****************
 Defined at:
		line 39 in file "uart.c"
 Parameters:    Size  Location     Type
  number          2    0[COMRAM] unsigned int 
 Auto vars:     Size  Location     Type
  char2           1    3[COMRAM] unsigned char 
  char1           1    2[COMRAM] unsigned char 
 Return value:  Size  Location     Type
                  1    wreg      void 
 Registers used:
		wreg, status,2
 Tracked objects:
		On entry : 
		On exit  : 
		Unchanged: 
 Data sizes:     COMRAM   BANK0   BANK1   BANK2   BANK3   BANK4   BANK5   BANK6   BANK7   BANK8   BANK9  BANK10  BANK11  BANK12  BANK13  BANK14
      Params:         2       0       0       0       0       0       0       0       0       0       0       0       0       0       0       0
      Locals:         2       0       0       0       0       0       0       0       0       0       0       0       0       0       0       0
      Temps:          0       0       0       0       0       0       0       0       0       0       0       0       0       0       0       0
      Totals:         4       0       0       0       0       0       0       0       0       0       0       0       0       0       0       0
Total ram usage:        4 bytes
 Hardware stack levels used:    1
 This function calls:
		Nothing
 This function is called by:
		_main
 This function uses a non-reentrant model


 *************** function _uart_write_char *****************
 Defined at:
		line 24 in file "uart.c"
 Parameters:    Size  Location     Type
  data            1    wreg     unsigned char 
 Auto vars:     Size  Location     Type
  data            1    0[COMRAM] unsigned char 
 Return value:  Size  Location     Type
                  1    wreg      void 
 Registers used:
		wreg
 Tracked objects:
		On entry : 
		On exit  : 
		Unchanged: 
 Data sizes:     COMRAM   BANK0   BANK1   BANK2   BANK3   BANK4   BANK5   BANK6   BANK7   BANK8   BANK9  BANK10  BANK11  BANK12  BANK13  BANK14
      Params:         0       0       0       0       0       0       0       0       0       0       0       0       0       0       0       0
      Locals:         1       0       0       0       0       0       0       0       0       0       0       0       0       0       0       0
      Temps:          0       0       0       0       0       0       0       0       0       0       0       0       0       0       0       0
      Totals:         1       0       0       0       0       0       0       0       0       0       0       0       0       0       0       0
Total ram usage:        1 bytes
 Hardware stack levels used:    1
 This function calls:
		Nothing
 This function is called by:
		_main
		_uart_write_string
 This function uses a non-reentrant model


 *************** function _setup_spi *****************
 Defined at:
		line 4 in file "spi.c"
 Parameters:    Size  Location     Type
		None
 Auto vars:     Size  Location     Type
		None
 Return value:  Size  Location     Type
                  1    wreg      void 
 Registers used:
		None
 Tracked objects:
		On entry : 
		On exit  : 
		Unchanged: 
 Data sizes:     COMRAM   BANK0   BANK1   BANK2   BANK3   BANK4   BANK5   BANK6   BANK7   BANK8   BANK9  BANK10  BANK11  BANK12  BANK13  BANK14
      Params:         0       0       0       0       0       0       0       0       0       0       0       0       0       0       0       0
      Locals:         0       0       0       0       0       0       0       0       0       0       0       0       0       0       0       0
      Temps:          0       0       0       0       0       0       0       0       0       0       0       0       0       0       0       0
      Totals:         0       0       0       0       0       0       0       0       0       0       0       0       0       0       0       0
Total ram usage:        0 bytes
 Hardware stack levels used:    1
 This function calls:
		Nothing
 This function is called by:
		_main
 This function uses a non-reentrant model


 *************** function _setup_mcu *****************
 Defined at:
		line 6 in file "micro_setup.c"
 Parameters:    Size  Location     Type
		None
 Auto vars:     Size  Location     Type
		None
 Return value:  Size  Location     Type
                  1    wreg      void 
 Registers used:
		wreg, status,2, cstack
 Tracked objects:
		On entry : 
		On exit  : 
		Unchanged: 
 Data sizes:     COMRAM   BANK0   BANK1   BANK2   BANK3   BANK4   BANK5   BANK6   BANK7   BANK8   BANK9  BANK10  BANK11  BANK12  BANK13  BANK14
      Params:         0       0       0       0       0       0       0       0       0       0       0       0       0       0       0       0
      Locals:         0       0       0       0       0       0       0       0       0       0       0       0       0       0       0       0
      Temps:          0       0       0       0       0       0       0       0       0       0       0       0       0       0       0       0
      Totals:         0       0       0       0       0       0       0       0       0       0       0       0       0       0       0       0
Total ram usage:        0 bytes
 Hardware stack levels used:    1
 Hardware stack levels required when called:    1
 This function calls:
		_init_uart
		_setup_port
 This function is called by:
		_main
 This function uses a non-reentrant model


 *************** function _setup_port *****************
 Defined at:
		line 13 in file "micro_setup.c"
 Parameters:    Size  Location     Type
		None
 Auto vars:     Size  Location     Type
		None
 Return value:  Size  Location     Type
                  1    wreg      void 
 Registers used:
		wreg, status,2
 Tracked objects:
		On entry : 
		On exit  : 
		Unchanged: 
 Data sizes:     COMRAM   BANK0   BANK1   BANK2   BANK3   BANK4   BANK5   BANK6   BANK7   BANK8   BANK9  BANK10  BANK11  BANK12  BANK13  BANK14
      Params:         0       0       0       0       0       0       0       0       0       0       0       0       0       0       0       0
      Locals:         0       0       0       0       0       0       0       0       0       0       0       0       0       0       0       0
      Temps:          0       0       0       0       0       0       0       0       0       0       0       0       0       0       0       0
      Totals:         0       0       0       0       0       0       0       0       0       0       0       0       0       0       0       0
Total ram usage:        0 bytes
 Hardware stack levels used:    1
 This function calls:
		Nothing
 This function is called by:
		_setup_mcu
 This function uses a non-reentrant model


 *************** function _init_uart *****************
 Defined at:
		line 20 in file "micro_setup.c"
 Parameters:    Size  Location     Type
		None
 Auto vars:     Size  Location     Type
		None
 Return value:  Size  Location     Type
                  1    wreg      void 
 Registers used:
		wreg, status,2
 Tracked objects:
		On entry : 
		On exit  : 
		Unchanged: 
 Data sizes:     COMRAM   BANK0   BANK1   BANK2   BANK3   BANK4   BANK5   BANK6   BANK7   BANK8   BANK9  BANK10  BANK11  BANK12  BANK13  BANK14
      Params:         0       0       0       0       0       0       0       0       0       0       0       0       0       0       0       0
      Locals:         0       0       0       0       0       0       0       0       0       0       0       0       0       0       0       0
      Temps:          0       0       0       0       0       0       0       0       0       0       0       0       0       0       0       0
      Totals:         0       0       0       0       0       0       0       0       0       0       0       0       0       0       0       0
Total ram usage:        0 bytes
 Hardware stack levels used:    1
 This function calls:
		Nothing
 This function is called by:
		_setup_mcu
 This function uses a non-reentrant model


 *************** function _read_sensor *****************
 Defined at:
		line 237 in file "AD7147.c"
 Parameters:    Size  Location     Type
  sensor          2   22[COMRAM] unsigned int 
 Auto vars:     Size  Location     Type
  sensor_value    2   26[COMRAM] unsigned int 
  register1       2   24[COMRAM] unsigned int 
 Return value:  Size  Location     Type
                  2   22[COMRAM] unsigned int 
 Registers used:
		wreg, status,2, status,0, cstack
 Tracked objects:
		On entry : 
		On exit  : 
		Unchanged: 
 Data sizes:     COMRAM   BANK0   BANK1   BANK2   BANK3   BANK4   BANK5   BANK6   BANK7   BANK8   BANK9  BANK10  BANK11  BANK12  BANK13  BANK14
      Params:         2       0       0       0       0       0       0       0       0       0       0       0       0       0       0       0
      Locals:         4       0       0       0       0       0       0       0       0       0       0       0       0       0       0       0
      Temps:          0       0       0       0       0       0       0       0       0       0       0       0       0       0       0       0
      Totals:         6       0       0       0       0       0       0       0       0       0       0       0       0       0       0       0
Total ram usage:        6 bytes
 Hardware stack levels used:    1
 Hardware stack levels required when called:    1
 This function calls:
		_w16_r16_spi
 This function is called by:
		_main
 This function uses a non-reentrant model


 *************** function _get_ID *****************
 Defined at:
		line 305 in file "AD7147.c"
 Parameters:    Size  Location     Type
  cdc             2   22[COMRAM] unsigned int 
 Auto vars:     Size  Location     Type
  result          2   25[COMRAM] unsigned int 
 Return value:  Size  Location     Type
                  2   22[COMRAM] unsigned int 
 Registers used:
		wreg, status,2, status,0, cstack
 Tracked objects:
		On entry : 
		On exit  : 
		Unchanged: 
 Data sizes:     COMRAM   BANK0   BANK1   BANK2   BANK3   BANK4   BANK5   BANK6   BANK7   BANK8   BANK9  BANK10  BANK11  BANK12  BANK13  BANK14
      Params:         2       0       0       0       0       0       0       0       0       0       0       0       0       0       0       0
      Locals:         2       0       0       0       0       0       0       0       0       0       0       0       0       0       0       0
      Temps:          1       0       0       0       0       0       0       0       0       0       0       0       0       0       0       0
      Totals:         5       0       0       0       0       0       0       0       0       0       0       0       0       0       0       0
Total ram usage:        5 bytes
 Hardware stack levels used:    1
 Hardware stack levels required when called:    1
 This function calls:
		_w16_r16_spi
 This function is called by:
		_main
 This function uses a non-reentrant model


 *************** function _w16_r16_spi *****************
 Defined at:
		line 103 in file "spi.c"
 Parameters:    Size  Location     Type
  address         2    0[COMRAM] unsigned int 
 Auto vars:     Size  Location     Type
  p4              2   20[COMRAM] unsigned int 
  p3              2   18[COMRAM] unsigned int 
  blank_high      2   16[COMRAM] unsigned int 
  blank_low       2   14[COMRAM] unsigned int 
  result          2   12[COMRAM] unsigned int 
  address_high    2   10[COMRAM] unsigned int 
  address_low     2    8[COMRAM] unsigned int 
  p2              2    6[COMRAM] unsigned int 
  p1              2    4[COMRAM] unsigned int 
 Return value:  Size  Location     Type
                  2    0[COMRAM] unsigned int 
 Registers used:
		wreg, status,2, status,0
 Tracked objects:
		On entry : 
		On exit  : 
		Unchanged: 
 Data sizes:     COMRAM   BANK0   BANK1   BANK2   BANK3   BANK4   BANK5   BANK6   BANK7   BANK8   BANK9  BANK10  BANK11  BANK12  BANK13  BANK14
      Params:         2       0       0       0       0       0       0       0       0       0       0       0       0       0       0       0
      Locals:        18       0       0       0       0       0       0       0       0       0       0       0       0       0       0       0
      Temps:          2       0       0       0       0       0       0       0       0       0       0       0       0       0       0       0
      Totals:        22       0       0       0       0       0       0       0       0       0       0       0       0       0       0       0
Total ram usage:       22 bytes
 Hardware stack levels used:    1
 This function calls:
		Nothing
 This function is called by:
		_read_sensor
		_get_ID
		_read_AD7147
 This function uses a non-reentrant model


 *************** function _delay_ms *****************
 Defined at:
		line 65 in file "micro_setup.c"
 Parameters:    Size  Location     Type
  n               2    8[COMRAM] int 
 Auto vars:     Size  Location     Type
  j               2   11[COMRAM] int 
 Return value:  Size  Location     Type
                  1    wreg      void 
 Registers used:
		wreg, status,2, status,0, cstack
 Tracked objects:
		On entry : 
		On exit  : 
		Unchanged: 
 Data sizes:     COMRAM   BANK0   BANK1   BANK2   BANK3   BANK4   BANK5   BANK6   BANK7   BANK8   BANK9  BANK10  BANK11  BANK12  BANK13  BANK14
      Params:         2       0       0       0       0       0       0       0       0       0       0       0       0       0       0       0
      Locals:         2       0       0       0       0       0       0       0       0       0       0       0       0       0       0       0
      Temps:          1       0       0       0       0       0       0       0       0       0       0       0       0       0       0       0
      Totals:         5       0       0       0       0       0       0       0       0       0       0       0       0       0       0       0
Total ram usage:        5 bytes
 Hardware stack levels used:    1
 Hardware stack levels required when called:    1
 This function calls:
		___awdiv
 This function is called by:
		_main
 This function uses a non-reentrant model


 *************** function ___awdiv *****************
 Defined at:
		line 8 in file "C:\Program Files (x86)\Microchip\xc8\v1.38\sources\common\awdiv.c"
 Parameters:    Size  Location     Type
  dividend        2    0[COMRAM] int 
  divisor         2    2[COMRAM] int 
 Auto vars:     Size  Location     Type
  quotient        2    6[COMRAM] int 
  sign            1    5[COMRAM] unsigned char 
  counter         1    4[COMRAM] unsigned char 
 Return value:  Size  Location     Type
                  2    0[COMRAM] int 
 Registers used:
		wreg, status,2, status,0
 Tracked objects:
		On entry : 
		On exit  : 
		Unchanged: 
 Data sizes:     COMRAM   BANK0   BANK1   BANK2   BANK3   BANK4   BANK5   BANK6   BANK7   BANK8   BANK9  BANK10  BANK11  BANK12  BANK13  BANK14
      Params:         4       0       0       0       0       0       0       0       0       0       0       0       0       0       0       0
      Locals:         4       0       0       0       0       0       0       0       0       0       0       0       0       0       0       0
      Temps:          0       0       0       0       0       0       0       0       0       0       0       0       0       0       0       0
      Totals:         8       0       0       0       0       0       0       0       0       0       0       0       0       0       0       0
Total ram usage:        8 bytes
 Hardware stack levels used:    1
 This function calls:
		Nothing
 This function is called by:
		_delay_ms
 This function uses a non-reentrant model



MODULE INFORMATION

Module		Function		Class		Link	Load	Size
uart.c
		_uart_write_char		CODE           	7D50	0000	13
		_uart_write_unsigned_int		CODE           	7D82	0000	27

uart.c estimated size: 40

C:\Program Files (x86)\Microchip\xc8\v1.38\sources\common\awdiv.c
		___awdiv       		CODE           	7ED8	0000	133

C:\Program Files (x86)\Microchip\xc8\v1.38\sources\common\awdiv.c estimated size: 133

micro_setup.c
		_init_uart     		CODE           	7D6E	0000	21
		_setup_mcu     		CODE           	7D46	0000	11
		_setup_port    		CODE           	7D3C	0000	11
		_delay_ms      		CODE           	7E1A	0000	65

micro_setup.c estimated size: 108

spi.c
		_w16_r16_spi   		CODE           	7E5A	0000	127
		_setup_spi     		CODE           	7D9C	0000	29

spi.c estimated size: 156

shared
		__initialization		CODE           	7D5C	0000	13

shared estimated size: 13

AD7147.c
		_get_ID        		CODE           	7DE6	0000	53
		_read_sensor   		CODE           	7DB8	0000	47

AD7147.c estimated size: 100

main.c
		_main          		CODE           	7F5C	0000	165

main.c estimated size: 165

