Microchip MPLAB XC8 Compiler V1.44 ()

Linker command line:

-W-3 --edf=C:\Program Files (x86)\Microchip\xc8\v1.44\dat\en_msgs.txt -cs \
  -h+dist/default/production\V1.production.sym \
  --cmf=dist/default/production\V1.production.cmf -z -Q18F25K80 \
  -oC:\Users\Intern\AppData\Local\Temp\s3ho.2 \
  -Mdist/default/production/V1.production.map -E1 -ver=XC8 \
  -ASTACK=0130h-0e40h -pstack=STACK -ACODE=00h-07FFFh -ACONST=00h-07FFFh \
  -ASMALLCONST=0F00h-0FFFhx113 -AMEDIUMCONST=0F00h-07FFFh -ACOMRAM=01h-05Fh \
  -AABS1=00h-0E40h -ABIGRAM=01h-0E40h \
  -ARAM=060h-0FFh,0100h-01FFhx13,0E00h-0E40h -ABANK0=060h-0FFh \
  -ABANK1=0100h-01FFh -ABANK2=0200h-02FFh -ABANK3=0300h-03FFh \
  -ABANK4=0400h-04FFh -ABANK5=0500h-05FFh -ABANK6=0600h-06FFh \
  -ABANK7=0700h-07FFh -ABANK8=0800h-08FFh -ABANK9=0900h-09FFh \
  -ABANK10=0A00h-0AFFh -ABANK11=0B00h-0BFFh -ABANK12=0C00h-0CFFh \
  -ABANK13=0D00h-0DFFh -ABANK14=0E00h-0E40h \
  -ASFR=0E41h-0EFFh,0F00h-0F5Fh,0F60h-0FFFh \
  -preset_vec=00h,intcode=08h,intcodelo,powerup,init -pramtop=0F00h \
  -psmallconst=SMALLCONST -pmediumconst=MEDIUMCONST -pconst=CONST \
  -AFARRAM=00h-00h -ACONFIG=0300000h-030000Dh -pconfig=CONFIG \
  -AIDLOC=0200000h-0200007h -pidloc=IDLOC -AEEDATA=0F00000h-0F003FFh \
  -peeprom_data=EEDATA \
  -prdata=COMRAM,nvrram=COMRAM,nvbit=COMRAM,rbss=COMRAM,rbit=COMRAM \
  -pfarbss=FARRAM,fardata=FARRAM,nvFARRAM=FARRAM \
  -pintsave_regs=BIGRAM,bigbss=BIGRAM,bigdata=BIGRAM -pbss=RAM \
  -pidata=CODE,irdata=CODE,ibigdata=CODE,ifardata=CODE -prparam=COMRAM \
  C:\Users\Intern\AppData\Local\Temp\s3ho.obj \
  dist/default/production\V1.production.obj 

Object code version is 3.11

Machine type is 18F25K80

Call graph: (short form)




                Name                               Link     Load   Length Selector   Space Scale
C:\Users\Intern\AppData\Local\Temp\s3ho.obj
                init                                10E      10E        4        4       0
                reset_vec                             0        0        4        0       0
                idloc                            200000   200000        8   200000       0
                config                           300000   300000        E   300000       0
dist/default/production\V1.production.obj
                intcode                               8        8      106        4       0
                temp                                 5B       5B        1        1       1
                text31                             1194     1194       48        4       0
                text30                             134A     134A       22        4       0
                text29                              F76      F76       7E        4       0
                text28                              EF8      EF8       7E        4       0
                text27                              DF6      DF6       82        4       0
                text26                              FF4      FF4       7A        4       0
                text24                              CEE      CEE       86        4       0
                text23                             1222     1222       46        4       0
                text22                             1304     1304       24        4       0
                text21                             106E     106E       78        4       0
                text20                              A68      A68       C0        4       0
                text19                              C66      C66       88        4       0
                text18                             10E6     10E6       5E        4       0
                text17                             1328     1328       22        4       0
                text16                             12D4     12D4       30        4       0
                text15                             1268     1268       3C        4       0
                text14                              B28      B28       A2        4       0
                text13                              E78      E78       80        4       0
                text12                              BCA      BCA       9C        4       0
                text11                              112      112      660        4       0
                text10                             13B2     13B2       14        4       0
                text9                              13D4     13D4        C        4       0
                text8                              13E0     13E0        A        4       0
                text7                              1388     1388       16        4       0
                text6                               D74      D74       82        4       0
                text5                              11DC     11DC       46        4       0
                text4                              139E     139E       14        4       0
                text3                              12A4     12A4       30        4       0
                text2                              13C6     13C6        E        4       0
                text1                              136C     136C       1C        4       0
                text0                               772      772      2F6        4       0
                cstackCOMRAM                          1        1       34        1       1
                cstackBANK0                          AC       AC       46       60       1
                bssBANK1                            100      100       30      100       1
                dataBANK0                            F2       F2        3       60       1
                bssBANK0                             60       60       4C       60       1
                bssCOMRAM                            35       35       26        1       1
                cinit                              1144     1144       50        4       0
                idataBANK0                         13EA     13EA        3        4       0

TOTAL           Name                               Link     Load   Length     Space
        CLASS   STACK          

        CLASS   CODE           
                intcode                               8        8      106         0
                init                                10E      10E        4         0
                reset_vec                             0        0        4         0
                text31                             1194     1194       48         0
                text30                             134A     134A       22         0
                text29                              F76      F76       7E         0
                text28                              EF8      EF8       7E         0
                text27                              DF6      DF6       82         0
                text26                              FF4      FF4       7A         0
                text24                              CEE      CEE       86         0
                text23                             1222     1222       46         0
                text22                             1304     1304       24         0
                text21                             106E     106E       78         0
                text20                              A68      A68       C0         0
                text19                              C66      C66       88         0
                text18                             10E6     10E6       5E         0
                text17                             1328     1328       22         0
                text16                             12D4     12D4       30         0
                text15                             1268     1268       3C         0
                text14                              B28      B28       A2         0
                text13                              E78      E78       80         0
                text12                              BCA      BCA       9C         0
                text11                              112      112      660         0
                text10                             13B2     13B2       14         0
                text9                              13D4     13D4        C         0
                text8                              13E0     13E0        A         0
                text7                              1388     1388       16         0
                text6                               D74      D74       82         0
                text5                              11DC     11DC       46         0
                text4                              139E     139E       14         0
                text3                              12A4     12A4       30         0
                text2                              13C6     13C6        E         0
                text1                              136C     136C       1C         0
                text0                               772      772      2F6         0
                cinit                              1144     1144       50         0
                idataBANK0                         13EA     13EA        3         0

        CLASS   CONST          

        CLASS   SMALLCONST     

        CLASS   MEDIUMCONST    

        CLASS   COMRAM         
                temp                                 5B       5B        1         1
                cstackCOMRAM                          1        1       34         1
                bssCOMRAM                            35       35       26         1

        CLASS   ABS1           

        CLASS   BIGRAM         

        CLASS   RAM            

        CLASS   BANK0          
                cstackBANK0                          AC       AC       46         1
                dataBANK0                            F2       F2        3         1
                bssBANK0                             60       60       4C         1

        CLASS   BANK1          
                bssBANK1                            100      100       30         1

        CLASS   BANK2          

        CLASS   BANK3          

        CLASS   BANK4          

        CLASS   BANK5          

        CLASS   BANK6          

        CLASS   BANK7          

        CLASS   BANK8          

        CLASS   BANK9          

        CLASS   BANK10         

        CLASS   BANK11         

        CLASS   BANK12         

        CLASS   BANK13         

        CLASS   BANK14         

        CLASS   SFR            

        CLASS   FARRAM         

        CLASS   CONFIG         
                config                           300000   300000        E         0

        CLASS   IDLOC          
                idloc                            200000   200000        8         0

        CLASS   EEDATA         



SEGMENTS        Name                           Load    Length   Top    Selector   Space  Class

                reset_vec                      000000  000004  000004         0       0  CODE    
                cstackCOMRAM                   000001  00005B  00005C         1       1  COMRAM  
                intcode                        000008  0013E5  0013ED         4       0  CODE    
                bssBANK0                       000060  000095  0000F5        60       1  BANK0   
                bssBANK1                       000100  000030  000130       100       1  BANK1   
                idloc                          200000  000008  200008    200000       0  IDLOC   
                config                         300000  00000E  30000E    300000       0  CONFIG  


UNUSED ADDRESS RANGES

        Name                Unused          Largest block    Delta
        BANK0            0000F5-0000FF                B
        BANK1            000130-0001FF               D0
        BANK10           000A00-000AFF              100
        BANK11           000B00-000BFF              100
        BANK12           000C00-000CFF              100
        BANK13           000D00-000DFF              100
        BANK14           000E00-000E40               41
        BANK2            000200-0002FF              100
        BANK3            000300-0003FF              100
        BANK4            000400-0004FF              100
        BANK5            000500-0005FF              100
        BANK6            000600-0006FF              100
        BANK7            000700-0007FF              100
        BANK8            000800-0008FF              100
        BANK9            000900-0009FF              100
        BIGRAM           00005C-00005F                4
                         0000F5-0000FF                B
                         000130-000E40              D11
        CODE             000004-000007                4
                         0013ED-007FFF             6C13
        COMRAM           00005C-00005F                4
        CONST            000004-000007                4
                         0013ED-007FFF             6C13
        EEDATA           F00000-F003FF              400
        MEDIUMCONST      0013ED-007FFF             6C13
        RAM              0000F5-0000FF                B
                         000130-000E40              100
        SFR              000E41-000FFF               BF
        SMALLCONST       0013ED-007FFF              100
        STACK            000130-000E40              D11

                                  Symbol Table

?___awdiv                          cstackBANK0  0000AC
?_get_ID                           cstackBANK0  0000C2
?_r16_spi                          cstackCOMRAM 000001
?_uart_read_unsigned_int           cstackBANK0  0000AC
?_w16_r16_spi                      cstackBANK0  0000AC
?i2_w16_r16_spi                    cstackCOMRAM 000001
_ANCON1bits                        (abs)        000F5C
_BAUDCON1                          (abs)        000FA7
_CDC_RESULT                        bssCOMRAM    000035
_INTCON2bits                       (abs)        000FF1
_INTCON3bits                       (abs)        000FF0
_INTCONbits                        (abs)        000FF2
_ISR                               intcode      000008
_LATCbits                          (abs)        000F8B
_PIE1bits                          (abs)        000F9D
_PIR1bits                          (abs)        000F9E
_RC1IF                             (abs)        007CF5
_RCONbits                          (abs)        000FD0
_RCREG1                            (abs)        000FAE
_RCSTA1bits                        (abs)        000FAB
_SPBRG1                            (abs)        000FAF
_SSPBUF                            (abs)        000FC9
_SSPCON1bits                       (abs)        000FC6
_SSPSTATbits                       (abs)        000FC7
_TRISBbits                         (abs)        000F93
_TRISC                             (abs)        000F94
_TXREG1                            (abs)        000FAD
_TXSTA1                            (abs)        000FAC
_TXSTA1bits                        (abs)        000FAC
__CFG_CANMX$PORTB                  (abs)        000000
__CFG_CP0$OFF                      (abs)        000000
__CFG_FCMEN$OFF                    (abs)        000000
__CFG_FOSC$HS1                     (abs)        000000
__CFG_IESO$OFF                     (abs)        000000
__CFG_MCLRE$OFF                    (abs)        000000
__CFG_SOSCSEL$DIG                  (abs)        000000
__CFG_STVREN$ON                    (abs)        000000
__CFG_WDTEN$OFF                    (abs)        000000
__CFG_XINST$OFF                    (abs)        000000
__HRAM                             (abs)        000000
__Habs1                            abs1         000000
__Hbank0                           bank0        000000
__Hbank1                           bank1        000000
__Hbank10                          bank10       000000
__Hbank11                          bank11       000000
__Hbank12                          bank12       000000
__Hbank13                          bank13       000000
__Hbank14                          bank14       000000
__Hbank2                           bank2        000000
__Hbank3                           bank3        000000
__Hbank4                           bank4        000000
__Hbank5                           bank5        000000
__Hbank6                           bank6        000000
__Hbank7                           bank7        000000
__Hbank8                           bank8        000000
__Hbank9                           bank9        000000
__Hbigbss                          bigbss       000000
__Hbigdata                         bigdata      000000
__Hbigram                          bigram       000000
__Hbss                             bss          000000
__HbssBANK0                        bssBANK0     000000
__HbssBANK1                        bssBANK1     000000
__HbssCOMRAM                       bssCOMRAM    000000
__Hcinit                           cinit        000000
__Hclrtext                         clrtext      000000
__Hcomram                          comram       000000
__Hconfig                          config       30000E
__Hconst                           const        000000
__HcstackBANK0                     cstackBANK0  000000
__HcstackCOMRAM                    cstackCOMRAM 000000
__Hdata                            data         000000
__HdataBANK0                       dataBANK0    000000
__Heeprom_data                     eeprom_data  000000
__Hfarbss                          farbss       000000
__Hfardata                         fardata      000000
__Hibigdata                        ibigdata     000000
__Hidata                           idata        000000
__HidataBANK0                      idataBANK0   000000
__Hidloc                           idloc        200008
__Hifardata                        ifardata     000000
__Hinit                            init         000112
__Hintcode                         intcode      00010E
__Hintcode_body                    intcode_body 000000
__Hintcodelo                       intcodelo    00010E
__Hintentry                        intentry     000000
__Hintret                          intret       000000
__Hintsave_regs                    intsave_regs 000000
__Hirdata                          irdata       000000
__Hmediumconst                     mediumconst  000000
__HnvFARRAM                        nvFARRAM     000000
__Hnvbit                           nvbit        000000
__Hnvrram                          nvrram       000000
__Hparam                           rparam       000000
__Hpowerup                         powerup      00010E
__Hram                             ram          000000
__Hramtop                          ramtop       000F00
__Hrbit                            rbit         000000
__Hrbss                            rbss         000000
__Hrdata                           rdata        000000
__Hreset_vec                       reset_vec    000004
__Hrparam                          rparam       000000
__Hsfr                             sfr          000000
__Hsmallconst                      smallconst   000000
__Hspace_0                         (abs)        30000E
__Hspace_1                         (abs)        000130
__Hspace_2                         (abs)        000000
__Hstack                           stack        000000
__Hstruct                          struct       000000
__Htemp                            temp         00005C
__Htext                            text         000000
__Htext0                           text0        000000
__Htext1                           text1        000000
__Htext10                          text10       000000
__Htext11                          text11       000000
__Htext12                          text12       000000
__Htext13                          text13       000000
__Htext14                          text14       000000
__Htext15                          text15       000000
__Htext16                          text16       000000
__Htext17                          text17       000000
__Htext18                          text18       000000
__Htext19                          text19       000000
__Htext2                           text2        000000
__Htext20                          text20       000000
__Htext21                          text21       000000
__Htext22                          text22       000000
__Htext23                          text23       000000
__Htext24                          text24       000000
__Htext26                          text26       000000
__Htext27                          text27       000000
__Htext28                          text28       000000
__Htext29                          text29       000000
__Htext3                           text3        000000
__Htext30                          text30       000000
__Htext31                          text31       000000
__Htext4                           text4        000000
__Htext5                           text5        000000
__Htext6                           text6        000000
__Htext7                           text7        000000
__Htext8                           text8        000000
__Htext9                           text9        000000
__LRAM                             (abs)        000001
__Labs1                            abs1         000000
__Lbank0                           bank0        000000
__Lbank1                           bank1        000000
__Lbank10                          bank10       000000
__Lbank11                          bank11       000000
__Lbank12                          bank12       000000
__Lbank13                          bank13       000000
__Lbank14                          bank14       000000
__Lbank2                           bank2        000000
__Lbank3                           bank3        000000
__Lbank4                           bank4        000000
__Lbank5                           bank5        000000
__Lbank6                           bank6        000000
__Lbank7                           bank7        000000
__Lbank8                           bank8        000000
__Lbank9                           bank9        000000
__Lbigbss                          bigbss       000000
__Lbigdata                         bigdata      000000
__Lbigram                          bigram       000000
__Lbss                             bss          000000
__LbssBANK0                        bssBANK0     000000
__LbssBANK1                        bssBANK1     000000
__LbssCOMRAM                       bssCOMRAM    000000
__Lcinit                           cinit        000000
__Lclrtext                         clrtext      000000
__Lcomram                          comram       000000
__Lconfig                          config       300000
__Lconst                           const        000000
__LcstackBANK0                     cstackBANK0  000000
__LcstackCOMRAM                    cstackCOMRAM 000000
__Ldata                            data         000000
__LdataBANK0                       dataBANK0    000000
__Leeprom_data                     eeprom_data  000000
__Lfarbss                          farbss       000000
__Lfardata                         fardata      000000
__Libigdata                        ibigdata     000000
__Lidata                           idata        000000
__LidataBANK0                      idataBANK0   000000
__Lidloc                           idloc        200000
__Lifardata                        ifardata     000000
__Linit                            init         00010E
__Lintcode                         intcode      000008
__Lintcode_body                    intcode_body 000000
__Lintcodelo                       intcodelo    00010E
__Lintentry                        intentry     000000
__Lintret                          intret       000000
__Lintsave_regs                    intsave_regs 000000
__Lirdata                          irdata       000000
__Lmediumconst                     mediumconst  000000
__LnvFARRAM                        nvFARRAM     000000
__Lnvbit                           nvbit        000000
__Lnvrram                          nvrram       000000
__Lparam                           rparam       000000
__Lpowerup                         powerup      00010E
__Lram                             ram          000000
__Lramtop                          ramtop       000F00
__Lrbit                            rbit         000000
__Lrbss                            rbss         000000
__Lrdata                           rdata        000000
__Lreset_vec                       reset_vec    000000
__Lrparam                          rparam       000000
__Lsfr                             sfr          000000
__Lsmallconst                      smallconst   000000
__Lspace_0                         (abs)        000000
__Lspace_1                         (abs)        000000
__Lspace_2                         (abs)        000000
__Lstack                           stack        000000
__Lstruct                          struct       000000
__Ltemp                            temp         00005B
__Ltext                            text         000000
__Ltext0                           text0        000000
__Ltext1                           text1        000000
__Ltext10                          text10       000000
__Ltext11                          text11       000000
__Ltext12                          text12       000000
__Ltext13                          text13       000000
__Ltext14                          text14       000000
__Ltext15                          text15       000000
__Ltext16                          text16       000000
__Ltext17                          text17       000000
__Ltext18                          text18       000000
__Ltext19                          text19       000000
__Ltext2                           text2        000000
__Ltext20                          text20       000000
__Ltext21                          text21       000000
__Ltext22                          text22       000000
__Ltext23                          text23       000000
__Ltext24                          text24       000000
__Ltext26                          text26       000000
__Ltext27                          text27       000000
__Ltext28                          text28       000000
__Ltext29                          text29       000000
__Ltext3                           text3        000000
__Ltext30                          text30       000000
__Ltext31                          text31       000000
__Ltext4                           text4        000000
__Ltext5                           text5        000000
__Ltext6                           text6        000000
__Ltext7                           text7        000000
__Ltext8                           text8        000000
__Ltext9                           text9        000000
__S0                               (abs)        30000E
__S1                               (abs)        000130
__S2                               (abs)        000000
___awdiv                           text24       000CEE
___awdiv@counter                   cstackBANK0  0000B0
___awdiv@dividend                  cstackBANK0  0000AC
___awdiv@divisor                   cstackBANK0  0000AE
___awdiv@quotient                  cstackBANK0  0000B2
___awdiv@sign                      cstackBANK0  0000B1
___inthi_sp                        stack        000000
___intlo_sp                        stack        000000
___param_bank                      (abs)        000000
___rparam_used                     (abs)        000001
___sp                              stack        000000
__accesstop                        (abs)        000060
__activetblptr                     (abs)        000002
__end_of_ISR                       intcode      00010E
__end_of___awdiv                   text24       000D74
__end_of__initialization           cinit        001186
__end_of_blink_LED                 text20       000B28
__end_of_delay_ms                  text23       001268
__end_of_get_CDC                   text22       001328
__end_of_get_ID                    text18       001144
__end_of_init_interrupts           text17       00134A
__end_of_init_uart                 text10       0013C6
__end_of_main                      text0        000A68
__end_of_memset                    text16       001304
__end_of_r16_spi                   text31       0011DC
__end_of_read_AD7147               text13       000EF8
__end_of_read_cdc1                 text28       000F76
__end_of_read_cdc2                 text27       000E78
__end_of_read_sensor               text14       000BCA
__end_of_sensor_CDC                text15       0012A4
__end_of_setup_AD7147              text11       000772
__end_of_setup_mcu                 text8        0013EA
__end_of_setup_port                text9        0013E0
__end_of_setup_spi                 text7        00139E
__end_of_switch_LED                text6        000DF6
__end_of_uart_read_char            text4        0013B2
__end_of_uart_read_indicator       text5        001222
__end_of_uart_read_unsigned_int    text3        0012D4
__end_of_uart_write_char           text2        0013D4
__end_of_uart_write_unsigned_int   text1        001388
__end_of_w16_r16_spi               text19       000CEE
__end_of_w32_spi                   text21       0010E6
__end_of_write_AD7147              text12       000C66
__end_ofi2_get_CDC                 text30       00136C
__end_ofi2_read_AD7147             text26       00106E
__end_ofi2_w16_r16_spi             text29       000FF4
__initialization                   cinit        001144
__mediumconst                      mediumconst  000000
__pbssBANK0                        bssBANK0     000060
__pbssBANK1                        bssBANK1     000100
__pbssCOMRAM                       bssCOMRAM    000035
__pcinit                           cinit        001144
__pcstackBANK0                     cstackBANK0  0000AC
__pcstackCOMRAM                    cstackCOMRAM 000001
__pdataBANK0                       dataBANK0    0000F2
__pidataBANK0                      idataBANK0   0013EA
__pintcode                         intcode      000008
__ptext0                           text0        000772
__ptext1                           text1        00136C
__ptext10                          text10       0013B2
__ptext11                          text11       000112
__ptext12                          text12       000BCA
__ptext13                          text13       000E78
__ptext14                          text14       000B28
__ptext15                          text15       001268
__ptext16                          text16       0012D4
__ptext17                          text17       001328
__ptext18                          text18       0010E6
__ptext19                          text19       000C66
__ptext2                           text2        0013C6
__ptext20                          text20       000A68
__ptext21                          text21       00106E
__ptext22                          text22       001304
__ptext23                          text23       001222
__ptext24                          text24       000CEE
__ptext26                          text26       000FF4
__ptext27                          text27       000DF6
__ptext28                          text28       000EF8
__ptext29                          text29       000F76
__ptext3                           text3        0012A4
__ptext30                          text30       00134A
__ptext31                          text31       001194
__ptext4                           text4        00139E
__ptext5                           text5        0011DC
__ptext6                           text6        000D74
__ptext7                           text7        001388
__ptext8                           text8        0013E0
__ptext9                           text9        0013D4
__ramtop                           ramtop       000F00
__size_of_ISR                      (abs)        000000
__size_of___awdiv                  (abs)        000000
__size_of_blink_LED                (abs)        000000
__size_of_delay_ms                 (abs)        000000
__size_of_get_CDC                  (abs)        000000
__size_of_get_ID                   (abs)        000000
__size_of_init_interrupts          (abs)        000000
__size_of_init_uart                (abs)        000000
__size_of_main                     (abs)        000000
__size_of_memset                   (abs)        000000
__size_of_r16_spi                  (abs)        000000
__size_of_read_AD7147              (abs)        000000
__size_of_read_cdc1                (abs)        000000
__size_of_read_cdc2                (abs)        000000
__size_of_read_sensor              (abs)        000000
__size_of_sensor_CDC               (abs)        000000
__size_of_setup_AD7147             (abs)        000000
__size_of_setup_mcu                (abs)        000000
__size_of_setup_port               (abs)        000000
__size_of_setup_spi                (abs)        000000
__size_of_switch_LED               (abs)        000000
__size_of_uart_read_char           (abs)        000000
__size_of_uart_read_indicator      (abs)        000000
__size_of_uart_read_unsigned_int   (abs)        000000
__size_of_uart_write_char          (abs)        000000
__size_of_uart_write_unsigned_int  (abs)        000000
__size_of_w16_r16_spi              (abs)        000000
__size_of_w32_spi                  (abs)        000000
__size_of_write_AD7147             (abs)        000000
__size_ofi2_get_CDC                (abs)        000000
__size_ofi2_read_AD7147            (abs)        000000
__size_ofi2_w16_r16_spi            (abs)        000000
__smallconst                       smallconst   000000
_avail_sensors                     bssBANK1     000100
_blink_LED                         text20       000A68
_break_loop                        bssBANK0     00007A
_cdc                               bssBANK0     000074
_delay_ms                          text23       001222
_device_ID                         bssBANK0     000076
_get_CDC                           text22       001304
_get_ID                            text18       0010E6
_indicator                         bssBANK0     00007B
_init_interrupts                   text17       001328
_init_uart                         text10       0013B2
_interrupt_values_cdc1             bssCOMRAM    000055
_interrupt_values_cdc2             bssCOMRAM    00004F
_main                              text0        000772
_memset                            text16       0012D4
_num_sensors                       bssBANK0     000070
_on_off                            bssBANK0     000072
_r16_spi                           text31       001194
_read_AD7147                       text13       000E78
_read_cdc1                         text28       000EF8
_read_cdc2                         text27       000DF6
_read_sensor                       text14       000B28
_second_sensor                     bssCOMRAM    00004D
_sensor_CDC                        text15       001268
_sensor_values                     bssBANK0     00007C
_setup_AD7147                      text11       000112
_setup_mcu                         text8        0013E0
_setup_port                        text9        0013D4
_setup_spi                         text7        001388
_single_sensor                     bssBANK0     000078
_start_stop                        dataBANK0    0000F2
_state                             dataBANK0    0000F4
_switch_LED                        text6        000D74
_uart_read_char                    text4        00139E
_uart_read_indicator               text5        0011DC
_uart_read_unsigned_int            text3        0012A4
_uart_write_char                   text2        0013C6
_uart_write_unsigned_int           text1        00136C
_w16_r16_spi                       text19       000C66
_w32_spi                           text21       00106E
_write_AD7147                      text12       000BCA
blink_LED@cdc                      cstackBANK0  0000C2
blink_LED@message                  cstackBANK0  0000C4
btemp                              temp         00005B
delay_ms@j                         cstackBANK0  0000B7
delay_ms@n                         cstackBANK0  0000B4
end_of_initialization              cinit        001186
get_CDC@cdc                        cstackBANK0  0000AC
get_CDC@state                      cstackBANK0  0000AE
get_ID@cdc                         cstackBANK0  0000C2
get_ID@result                      cstackBANK0  0000C5
i2_get_CDC                         text30       00134A
i2_read_AD7147                     text26       000FF4
i2_w16_r16_spi                     text29       000F76
i2get_CDC@cdc                      cstackCOMRAM 000001
i2get_CDC@state                    cstackCOMRAM 000003
i2read_AD7147@DataBuffer           cstackCOMRAM 000017
i2read_AD7147@NumberOfRegisters    cstackCOMRAM 00001B
i2read_AD7147@RegisterStartAddress cstackCOMRAM 000019
i2read_AD7147@Register_Values      cstackCOMRAM 00001F
i2read_AD7147@cdc                  cstackCOMRAM 00001D
i2read_AD7147@i                    cstackCOMRAM 000021
i2w16_r16_spi@address              cstackCOMRAM 000001
i2w16_r16_spi@address_high         cstackCOMRAM 00000B
i2w16_r16_spi@address_low          cstackCOMRAM 000009
i2w16_r16_spi@blank_high           cstackCOMRAM 000011
i2w16_r16_spi@blank_low            cstackCOMRAM 00000F
i2w16_r16_spi@p1                   cstackCOMRAM 000005
i2w16_r16_spi@p2                   cstackCOMRAM 000007
i2w16_r16_spi@p3                   cstackCOMRAM 000013
i2w16_r16_spi@p4                   cstackCOMRAM 000015
i2w16_r16_spi@result               cstackCOMRAM 00000D
int$flags                          temp         00005B
intlevel0                          text         000000
intlevel1                          text         000000
intlevel2                          text         000000
intlevel3                          text         000000
main@i                             cstackBANK0  0000F0
main@index                         cstackBANK0  0000EC
main@k                             cstackBANK0  0000EE
memset@c                           cstackBANK0  0000AE
memset@n                           cstackBANK0  0000B0
memset@p                           cstackBANK0  0000B2
memset@p1                          cstackBANK0  0000AC
r16_spi@blank_high                 cstackCOMRAM 000007
r16_spi@blank_low                  cstackCOMRAM 000005
r16_spi@p1                         cstackCOMRAM 000009
r16_spi@p2                         cstackCOMRAM 00000B
r16_spi@result                     cstackCOMRAM 00000D
read_AD7147@DataBuffer             cstackBANK0  0000C2
read_AD7147@NumberOfRegisters      cstackBANK0  0000C6
read_AD7147@RegisterStartAddress   cstackBANK0  0000C4
read_AD7147@Register_Values        cstackBANK0  0000CA
read_AD7147@cdc                    cstackBANK0  0000C8
read_AD7147@i                      cstackBANK0  0000CC
read_cdc1@i                        cstackCOMRAM 000019
read_cdc1@sensor_values            cstackCOMRAM 000017
read_cdc2@i                        cstackCOMRAM 000019
read_cdc2@sensor_values            cstackCOMRAM 000017
read_sensor@cdc_sensor             cstackBANK0  0000CC
read_sensor@register1              cstackBANK0  0000CA
read_sensor@sensor                 cstackBANK0  0000C4
read_sensor@sensor_values          cstackBANK0  0000C2
sensor_CDC@sensor                  cstackBANK0  0000B0
sensor_CDC@state                   cstackBANK0  0000B2
setup_AD7147@DataBuffer            cstackBANK0  0000D4
setup_AD7147@F14945                bssBANK0     000060
setup_AD7147@StageBuffer           cstackBANK0  0000D8
setup_AD7147@cdc                   cstackBANK0  0000D6
stackhi                            (abs)        000E40
stacklo                            (abs)        000130
start                              init         00010E
start_initialization               cinit        001144
switch_LED@cdc                     cstackBANK0  0000C2
switch_LED@message                 cstackBANK0  0000C6
switch_LED@message_157             cstackBANK0  0000C8
switch_LED@state                   cstackBANK0  0000C4
uart_read_indicator@count          cstackBANK0  0000AC
uart_read_unsigned_int@message     cstackBANK0  0000B0
uart_read_unsigned_int@part1       cstackBANK0  0000B2
uart_read_unsigned_int@part2       cstackBANK0  0000B3
uart_write_char@data               cstackBANK0  0000AC
uart_write_unsigned_int@char1      cstackBANK0  0000AE
uart_write_unsigned_int@char2      cstackBANK0  0000AF
uart_write_unsigned_int@number     cstackBANK0  0000AC
w16_r16_spi@address                cstackBANK0  0000AC
w16_r16_spi@address_high           cstackBANK0  0000B6
w16_r16_spi@address_low            cstackBANK0  0000B4
w16_r16_spi@blank_high             cstackBANK0  0000BC
w16_r16_spi@blank_low              cstackBANK0  0000BA
w16_r16_spi@p1                     cstackBANK0  0000B0
w16_r16_spi@p2                     cstackBANK0  0000B2
w16_r16_spi@p3                     cstackBANK0  0000BE
w16_r16_spi@p4                     cstackBANK0  0000C0
w16_r16_spi@result                 cstackBANK0  0000B8
w32_spi@address                    cstackBANK0  0000AC
w32_spi@address_high               cstackBANK0  0000BC
w32_spi@address_low                cstackBANK0  0000BA
w32_spi@data                       cstackBANK0  0000AE
w32_spi@data_high                  cstackBANK0  0000C0
w32_spi@data_low                   cstackBANK0  0000BE
w32_spi@p1                         cstackBANK0  0000B2
w32_spi@p2                         cstackBANK0  0000B4
w32_spi@p3                         cstackBANK0  0000B6
w32_spi@p4                         cstackBANK0  0000B8
write_AD7147@Data_Value            cstackBANK0  0000D0
write_AD7147@NumberOfRegisters     cstackBANK0  0000C4
write_AD7147@OutputBuffer          cstackBANK0  0000C6
write_AD7147@RegisterStartAddress  cstackBANK0  0000C2
write_AD7147@Register_Value        cstackBANK0  0000CE
write_AD7147@cdc                   cstackBANK0  0000CA
write_AD7147@i                     cstackBANK0  0000D2
write_AD7147@index                 cstackBANK0  0000C8
wtemp6                             temp         00005C


FUNCTION INFORMATION:

 *************** function _main *****************
 Defined at:
		line 39 in file "main.c"
 Parameters:    Size  Location     Type
		None
 Auto vars:     Size  Location     Type
  index           2   64[BANK0 ] unsigned int 
  i               2   68[BANK0 ] unsigned int 
  k               2   66[BANK0 ] unsigned int 
 Return value:  Size  Location     Type
                  1    wreg      void 
 Registers used:
		wreg, fsr1l, fsr1h, fsr2l, fsr2h, status,2, status,0, cstack
 Tracked objects:
		On entry : 
		On exit  : 
		Unchanged: 
 Data sizes:     COMRAM   BANK0   BANK1   BANK2   BANK3   BANK4   BANK5   BANK6   BANK7   BANK8   BANK9  BANK10  BANK11  BANK12  BANK13  BANK14
      Params:         0       0       0       0       0       0       0       0       0       0       0       0       0       0       0       0
      Locals:         0       6       0       0       0       0       0       0       0       0       0       0       0       0       0       0
      Temps:          0       4       0       0       0       0       0       0       0       0       0       0       0       0       0       0
      Totals:         0      10       0       0       0       0       0       0       0       0       0       0       0       0       0       0
Total ram usage:       10 bytes
 Hardware stack levels required when called:    6
 This function calls:
		_blink_LED
		_delay_ms
		_get_ID
		_init_interrupts
		_memset
		_read_AD7147
		_read_sensor
		_setup_AD7147
		_setup_mcu
		_setup_spi
		_switch_LED
		_uart_read_char
		_uart_read_indicator
		_uart_read_unsigned_int
		_uart_write_char
		_uart_write_unsigned_int
 This function is called by:
		Startup code after reset
 This function uses a non-reentrant model


 *************** function _uart_write_unsigned_int *****************
 Defined at:
		line 39 in file "uart.c"
 Parameters:    Size  Location     Type
  number          2    0[BANK0 ] unsigned int 
 Auto vars:     Size  Location     Type
  char2           1    3[BANK0 ] unsigned char 
  char1           1    2[BANK0 ] unsigned char 
 Return value:  Size  Location     Type
                  1    wreg      void 
 Registers used:
		wreg, status,2
 Tracked objects:
		On entry : 
		On exit  : 
		Unchanged: 
 Data sizes:     COMRAM   BANK0   BANK1   BANK2   BANK3   BANK4   BANK5   BANK6   BANK7   BANK8   BANK9  BANK10  BANK11  BANK12  BANK13  BANK14
      Params:         0       2       0       0       0       0       0       0       0       0       0       0       0       0       0       0
      Locals:         0       2       0       0       0       0       0       0       0       0       0       0       0       0       0       0
      Temps:          0       0       0       0       0       0       0       0       0       0       0       0       0       0       0       0
      Totals:         0       4       0       0       0       0       0       0       0       0       0       0       0       0       0       0
Total ram usage:        4 bytes
 Hardware stack levels used:    1
 Hardware stack levels required when called:    3
 This function calls:
		Nothing
 This function is called by:
		_main
		_uart_send_sensors
 This function uses a non-reentrant model


 *************** function _uart_write_char *****************
 Defined at:
		line 24 in file "uart.c"
 Parameters:    Size  Location     Type
  data            1    wreg     unsigned char 
 Auto vars:     Size  Location     Type
  data            1    0[BANK0 ] unsigned char 
 Return value:  Size  Location     Type
                  1    wreg      void 
 Registers used:
		wreg
 Tracked objects:
		On entry : 
		On exit  : 
		Unchanged: 
 Data sizes:     COMRAM   BANK0   BANK1   BANK2   BANK3   BANK4   BANK5   BANK6   BANK7   BANK8   BANK9  BANK10  BANK11  BANK12  BANK13  BANK14
      Params:         0       0       0       0       0       0       0       0       0       0       0       0       0       0       0       0
      Locals:         0       1       0       0       0       0       0       0       0       0       0       0       0       0       0       0
      Temps:          0       0       0       0       0       0       0       0       0       0       0       0       0       0       0       0
      Totals:         0       1       0       0       0       0       0       0       0       0       0       0       0       0       0       0
Total ram usage:        1 bytes
 Hardware stack levels used:    1
 Hardware stack levels required when called:    3
 This function calls:
		Nothing
 This function is called by:
		_main
		_uart_write_string
 This function uses a non-reentrant model


 *************** function _uart_read_unsigned_int *****************
 Defined at:
		line 131 in file "uart.c"
 Parameters:    Size  Location     Type
		None
 Auto vars:     Size  Location     Type
  message         2    4[BANK0 ] unsigned int 
  part2           1    7[BANK0 ] unsigned char 
  part1           1    6[BANK0 ] unsigned char 
 Return value:  Size  Location     Type
                  2    0[BANK0 ] unsigned int 
 Registers used:
		wreg, status,2, status,0, cstack
 Tracked objects:
		On entry : 
		On exit  : 
		Unchanged: 
 Data sizes:     COMRAM   BANK0   BANK1   BANK2   BANK3   BANK4   BANK5   BANK6   BANK7   BANK8   BANK9  BANK10  BANK11  BANK12  BANK13  BANK14
      Params:         0       2       0       0       0       0       0       0       0       0       0       0       0       0       0       0
      Locals:         0       4       0       0       0       0       0       0       0       0       0       0       0       0       0       0
      Temps:          0       2       0       0       0       0       0       0       0       0       0       0       0       0       0       0
      Totals:         0       8       0       0       0       0       0       0       0       0       0       0       0       0       0       0
Total ram usage:        8 bytes
 Hardware stack levels used:    1
 Hardware stack levels required when called:    4
 This function calls:
		_uart_read_char
 This function is called by:
		_main
 This function uses a non-reentrant model


 *************** function _uart_read_char *****************
 Defined at:
		line 94 in file "uart.c"
 Parameters:    Size  Location     Type
		None
 Auto vars:     Size  Location     Type
		None
 Return value:  Size  Location     Type
                  1    wreg      unsigned char 
 Registers used:
		wreg, status,2
 Tracked objects:
		On entry : 
		On exit  : 
		Unchanged: 
 Data sizes:     COMRAM   BANK0   BANK1   BANK2   BANK3   BANK4   BANK5   BANK6   BANK7   BANK8   BANK9  BANK10  BANK11  BANK12  BANK13  BANK14
      Params:         0       0       0       0       0       0       0       0       0       0       0       0       0       0       0       0
      Locals:         0       0       0       0       0       0       0       0       0       0       0       0       0       0       0       0
      Temps:          0       0       0       0       0       0       0       0       0       0       0       0       0       0       0       0
      Totals:         0       0       0       0       0       0       0       0       0       0       0       0       0       0       0       0
Total ram usage:        0 bytes
 Hardware stack levels used:    1
 Hardware stack levels required when called:    3
 This function calls:
		Nothing
 This function is called by:
		_main
		_uart_read_unsigned_int
 This function uses a non-reentrant model


 *************** function _uart_read_indicator *****************
 Defined at:
		line 108 in file "uart.c"
 Parameters:    Size  Location     Type
		None
 Auto vars:     Size  Location     Type
  count           2    0[BANK0 ] unsigned int 
 Return value:  Size  Location     Type
                  1    wreg      unsigned char 
 Registers used:
		wreg, status,2, status,0
 Tracked objects:
		On entry : 
		On exit  : 
		Unchanged: 
 Data sizes:     COMRAM   BANK0   BANK1   BANK2   BANK3   BANK4   BANK5   BANK6   BANK7   BANK8   BANK9  BANK10  BANK11  BANK12  BANK13  BANK14
      Params:         0       0       0       0       0       0       0       0       0       0       0       0       0       0       0       0
      Locals:         0       2       0       0       0       0       0       0       0       0       0       0       0       0       0       0
      Temps:          0       0       0       0       0       0       0       0       0       0       0       0       0       0       0       0
      Totals:         0       2       0       0       0       0       0       0       0       0       0       0       0       0       0       0
Total ram usage:        2 bytes
 Hardware stack levels used:    1
 Hardware stack levels required when called:    3
 This function calls:
		Nothing
 This function is called by:
		_main
 This function uses a non-reentrant model


 *************** function _switch_LED *****************
 Defined at:
		line 392 in file "AD7147.c"
 Parameters:    Size  Location     Type
  cdc             2   22[BANK0 ] unsigned int 
  state           2   24[BANK0 ] unsigned int 
 Auto vars:     Size  Location     Type
  message         2   28[BANK0 ] unsigned int 
  message         2   26[BANK0 ] unsigned int 
 Return value:  Size  Location     Type
                  1    wreg      void 
 Registers used:
		wreg, status,2, status,0, cstack
 Tracked objects:
		On entry : 
		On exit  : 
		Unchanged: 
 Data sizes:     COMRAM   BANK0   BANK1   BANK2   BANK3   BANK4   BANK5   BANK6   BANK7   BANK8   BANK9  BANK10  BANK11  BANK12  BANK13  BANK14
      Params:         0       4       0       0       0       0       0       0       0       0       0       0       0       0       0       0
      Locals:         0       4       0       0       0       0       0       0       0       0       0       0       0       0       0       0
      Temps:          0       0       0       0       0       0       0       0       0       0       0       0       0       0       0       0
      Totals:         0       8       0       0       0       0       0       0       0       0       0       0       0       0       0       0
Total ram usage:        8 bytes
 Hardware stack levels used:    1
 Hardware stack levels required when called:    5
 This function calls:
		_delay_ms
		_get_CDC
		_w32_spi
 This function is called by:
		_main
 This function uses a non-reentrant model


 *************** function _setup_spi *****************
 Defined at:
		line 4 in file "spi.c"
 Parameters:    Size  Location     Type
		None
 Auto vars:     Size  Location     Type
		None
 Return value:  Size  Location     Type
                  1    wreg      void 
 Registers used:
		None
 Tracked objects:
		On entry : 
		On exit  : 
		Unchanged: 
 Data sizes:     COMRAM   BANK0   BANK1   BANK2   BANK3   BANK4   BANK5   BANK6   BANK7   BANK8   BANK9  BANK10  BANK11  BANK12  BANK13  BANK14
      Params:         0       0       0       0       0       0       0       0       0       0       0       0       0       0       0       0
      Locals:         0       0       0       0       0       0       0       0       0       0       0       0       0       0       0       0
      Temps:          0       0       0       0       0       0       0       0       0       0       0       0       0       0       0       0
      Totals:         0       0       0       0       0       0       0       0       0       0       0       0       0       0       0       0
Total ram usage:        0 bytes
 Hardware stack levels used:    1
 Hardware stack levels required when called:    3
 This function calls:
		Nothing
 This function is called by:
		_main
 This function uses a non-reentrant model


 *************** function _setup_mcu *****************
 Defined at:
		line 5 in file "micro_setup.c"
 Parameters:    Size  Location     Type
		None
 Auto vars:     Size  Location     Type
		None
 Return value:  Size  Location     Type
                  1    wreg      void 
 Registers used:
		wreg, status,2, cstack
 Tracked objects:
		On entry : 
		On exit  : 
		Unchanged: 
 Data sizes:     COMRAM   BANK0   BANK1   BANK2   BANK3   BANK4   BANK5   BANK6   BANK7   BANK8   BANK9  BANK10  BANK11  BANK12  BANK13  BANK14
      Params:         0       0       0       0       0       0       0       0       0       0       0       0       0       0       0       0
      Locals:         0       0       0       0       0       0       0       0       0       0       0       0       0       0       0       0
      Temps:          0       0       0       0       0       0       0       0       0       0       0       0       0       0       0       0
      Totals:         0       0       0       0       0       0       0       0       0       0       0       0       0       0       0       0
Total ram usage:        0 bytes
 Hardware stack levels used:    1
 Hardware stack levels required when called:    4
 This function calls:
		_init_uart
		_setup_port
 This function is called by:
		_main
 This function uses a non-reentrant model


 *************** function _setup_port *****************
 Defined at:
		line 11 in file "micro_setup.c"
 Parameters:    Size  Location     Type
		None
 Auto vars:     Size  Location     Type
		None
 Return value:  Size  Location     Type
                  1    wreg      void 
 Registers used:
		wreg, status,2
 Tracked objects:
		On entry : 
		On exit  : 
		Unchanged: 
 Data sizes:     COMRAM   BANK0   BANK1   BANK2   BANK3   BANK4   BANK5   BANK6   BANK7   BANK8   BANK9  BANK10  BANK11  BANK12  BANK13  BANK14
      Params:         0       0       0       0       0       0       0       0       0       0       0       0       0       0       0       0
      Locals:         0       0       0       0       0       0       0       0       0       0       0       0       0       0       0       0
      Temps:          0       0       0       0       0       0       0       0       0       0       0       0       0       0       0       0
      Totals:         0       0       0       0       0       0       0       0       0       0       0       0       0       0       0       0
Total ram usage:        0 bytes
 Hardware stack levels used:    1
 Hardware stack levels required when called:    3
 This function calls:
		Nothing
 This function is called by:
		_setup_mcu
 This function uses a non-reentrant model


 *************** function _init_uart *****************
 Defined at:
		line 46 in file "micro_setup.c"
 Parameters:    Size  Location     Type
		None
 Auto vars:     Size  Location     Type
		None
 Return value:  Size  Location     Type
                  1    wreg      void 
 Registers used:
		wreg, status,2
 Tracked objects:
		On entry : 
		On exit  : 
		Unchanged: 
 Data sizes:     COMRAM   BANK0   BANK1   BANK2   BANK3   BANK4   BANK5   BANK6   BANK7   BANK8   BANK9  BANK10  BANK11  BANK12  BANK13  BANK14
      Params:         0       0       0       0       0       0       0       0       0       0       0       0       0       0       0       0
      Locals:         0       0       0       0       0       0       0       0       0       0       0       0       0       0       0       0
      Temps:          0       0       0       0       0       0       0       0       0       0       0       0       0       0       0       0
      Totals:         0       0       0       0       0       0       0       0       0       0       0       0       0       0       0       0
Total ram usage:        0 bytes
 Hardware stack levels used:    1
 Hardware stack levels required when called:    3
 This function calls:
		Nothing
 This function is called by:
		_setup_mcu
 This function uses a non-reentrant model


 *************** function _setup_AD7147 *****************
 Defined at:
		line 6 in file "AD7147.c"
 Parameters:    Size  Location     Type
  DataBuffer      2   40[BANK0 ] PTR unsigned int 
		 -> interrupt_values_cdc1(6), 
  cdc             2   42[BANK0 ] unsigned int 
 Auto vars:     Size  Location     Type
  StageBuffer    16   44[BANK0 ] unsigned int [8]
 Return value:  Size  Location     Type
                  1    wreg      void 
 Registers used:
		wreg, fsr1l, fsr1h, fsr2l, fsr2h, status,2, status,0, cstack
 Tracked objects:
		On entry : 
		On exit  : 
		Unchanged: 
 Data sizes:     COMRAM   BANK0   BANK1   BANK2   BANK3   BANK4   BANK5   BANK6   BANK7   BANK8   BANK9  BANK10  BANK11  BANK12  BANK13  BANK14
      Params:         0       4       0       0       0       0       0       0       0       0       0       0       0       0       0       0
      Locals:         0      16       0       0       0       0       0       0       0       0       0       0       0       0       0       0
      Temps:          0       0       0       0       0       0       0       0       0       0       0       0       0       0       0       0
      Totals:         0      20       0       0       0       0       0       0       0       0       0       0       0       0       0       0
Total ram usage:       20 bytes
 Hardware stack levels used:    1
 Hardware stack levels required when called:    5
 This function calls:
		_read_AD7147
		_write_AD7147
 This function is called by:
		_main
 This function uses a non-reentrant model


 *************** function _write_AD7147 *****************
 Defined at:
		line 294 in file "AD7147.c"
 Parameters:    Size  Location     Type
  RegisterStar    2   22[BANK0 ] unsigned int 
  NumberOfRegi    2   24[BANK0 ] unsigned int 
  OutputBuffer    2   26[BANK0 ] PTR unsigned int 
		 -> setup_AD7147@StageBuffer(16), 
  index           2   28[BANK0 ] unsigned int 
  cdc             2   30[BANK0 ] unsigned int 
 Auto vars:     Size  Location     Type
  i               2   38[BANK0 ] unsigned int 
  Data_Value      2   36[BANK0 ] unsigned int 
  Register_Val    2   34[BANK0 ] unsigned int 
 Return value:  Size  Location     Type
                  1    wreg      void 
 Registers used:
		wreg, fsr2l, fsr2h, status,2, status,0, cstack
 Tracked objects:
		On entry : 
		On exit  : 
		Unchanged: 
 Data sizes:     COMRAM   BANK0   BANK1   BANK2   BANK3   BANK4   BANK5   BANK6   BANK7   BANK8   BANK9  BANK10  BANK11  BANK12  BANK13  BANK14
      Params:         0      10       0       0       0       0       0       0       0       0       0       0       0       0       0       0
      Locals:         0       6       0       0       0       0       0       0       0       0       0       0       0       0       0       0
      Temps:          0       2       0       0       0       0       0       0       0       0       0       0       0       0       0       0
      Totals:         0      18       0       0       0       0       0       0       0       0       0       0       0       0       0       0
Total ram usage:       18 bytes
 Hardware stack levels used:    1
 Hardware stack levels required when called:    4
 This function calls:
		_get_CDC
		_w32_spi
 This function is called by:
		_setup_AD7147
 This function uses a non-reentrant model


 *************** function _read_AD7147 *****************
 Defined at:
		line 307 in file "AD7147.c"
 Parameters:    Size  Location     Type
  DataBuffer      2   22[BANK0 ] PTR unsigned int 
		 -> interrupt_values_cdc2(6), interrupt_values_cdc1(6), 
  RegisterStar    2   24[BANK0 ] unsigned int 
  NumberOfRegi    2   26[BANK0 ] unsigned int 
  cdc             2   28[BANK0 ] unsigned int 
 Auto vars:     Size  Location     Type
  i               2   32[BANK0 ] unsigned int 
  Register_Val    2   30[BANK0 ] unsigned int 
 Return value:  Size  Location     Type
                  1    wreg      void 
 Registers used:
		wreg, fsr2l, fsr2h, status,2, status,0, cstack
 Tracked objects:
		On entry : 
		On exit  : 
		Unchanged: 
 Data sizes:     COMRAM   BANK0   BANK1   BANK2   BANK3   BANK4   BANK5   BANK6   BANK7   BANK8   BANK9  BANK10  BANK11  BANK12  BANK13  BANK14
      Params:         0       8       0       0       0       0       0       0       0       0       0       0       0       0       0       0
      Locals:         0       4       0       0       0       0       0       0       0       0       0       0       0       0       0       0
      Temps:          0       0       0       0       0       0       0       0       0       0       0       0       0       0       0       0
      Totals:         0      12       0       0       0       0       0       0       0       0       0       0       0       0       0       0
Total ram usage:       12 bytes
 Hardware stack levels used:    1
 Hardware stack levels required when called:    4
 This function calls:
		_get_CDC
		_w16_r16_spi
 This function is called by:
		_setup_AD7147
		_main
 This function uses a non-reentrant model


 *************** function _read_sensor *****************
 Defined at:
		line 318 in file "AD7147.c"
 Parameters:    Size  Location     Type
  sensor_value    2   22[BANK0 ] PTR unsigned int 
		 -> sensor_values(48), 
  sensor          2   24[BANK0 ] unsigned int 
 Auto vars:     Size  Location     Type
  cdc_sensor      2   32[BANK0 ] unsigned int 
  register1       2   30[BANK0 ] unsigned int 
 Return value:  Size  Location     Type
                  1    wreg      void 
 Registers used:
		wreg, fsr2l, fsr2h, status,2, status,0, cstack
 Tracked objects:
		On entry : 
		On exit  : 
		Unchanged: 
 Data sizes:     COMRAM   BANK0   BANK1   BANK2   BANK3   BANK4   BANK5   BANK6   BANK7   BANK8   BANK9  BANK10  BANK11  BANK12  BANK13  BANK14
      Params:         0       4       0       0       0       0       0       0       0       0       0       0       0       0       0       0
      Locals:         0       4       0       0       0       0       0       0       0       0       0       0       0       0       0       0
      Temps:          0       4       0       0       0       0       0       0       0       0       0       0       0       0       0       0
      Totals:         0      12       0       0       0       0       0       0       0       0       0       0       0       0       0       0
Total ram usage:       12 bytes
 Hardware stack levels used:    1
 Hardware stack levels required when called:    5
 This function calls:
		_sensor_CDC
		_w16_r16_spi
 This function is called by:
		_main
 This function uses a non-reentrant model


 *************** function _sensor_CDC *****************
 Defined at:
		line 370 in file "AD7147.c"
 Parameters:    Size  Location     Type
  sensor          2    4[BANK0 ] unsigned int 
  state           2    6[BANK0 ] unsigned int 
 Auto vars:     Size  Location     Type
		None
 Return value:  Size  Location     Type
                  1    wreg      void 
 Registers used:
		wreg, status,2, status,0, cstack
 Tracked objects:
		On entry : 
		On exit  : 
		Unchanged: 
 Data sizes:     COMRAM   BANK0   BANK1   BANK2   BANK3   BANK4   BANK5   BANK6   BANK7   BANK8   BANK9  BANK10  BANK11  BANK12  BANK13  BANK14
      Params:         0       4       0       0       0       0       0       0       0       0       0       0       0       0       0       0
      Locals:         0       0       0       0       0       0       0       0       0       0       0       0       0       0       0       0
      Temps:          0       0       0       0       0       0       0       0       0       0       0       0       0       0       0       0
      Totals:         0       4       0       0       0       0       0       0       0       0       0       0       0       0       0       0
Total ram usage:        4 bytes
 Hardware stack levels used:    1
 Hardware stack levels required when called:    4
 This function calls:
		_get_CDC
 This function is called by:
		_read_sensor
 This function uses a non-reentrant model


 *************** function _memset *****************
 Defined at:
		line 8 in file "C:\Program Files (x86)\Microchip\xc8\v1.44\sources\common\memset.c"
 Parameters:    Size  Location     Type
  p1              2    0[BANK0 ] PTR void 
		 -> avail_sensors(48), 
  c               2    2[BANK0 ] int 
  n               2    4[BANK0 ] unsigned int 
 Auto vars:     Size  Location     Type
  p               2    6[BANK0 ] PTR unsigned char 
		 -> avail_sensors(48), 
 Return value:  Size  Location     Type
                  2    0[BANK0 ] PTR void 
 Registers used:
		wreg, fsr2l, fsr2h, status,2, status,0
 Tracked objects:
		On entry : 
		On exit  : 
		Unchanged: 
 Data sizes:     COMRAM   BANK0   BANK1   BANK2   BANK3   BANK4   BANK5   BANK6   BANK7   BANK8   BANK9  BANK10  BANK11  BANK12  BANK13  BANK14
      Params:         0       6       0       0       0       0       0       0       0       0       0       0       0       0       0       0
      Locals:         0       2       0       0       0       0       0       0       0       0       0       0       0       0       0       0
      Temps:          0       0       0       0       0       0       0       0       0       0       0       0       0       0       0       0
      Totals:         0       8       0       0       0       0       0       0       0       0       0       0       0       0       0       0
Total ram usage:        8 bytes
 Hardware stack levels used:    1
 Hardware stack levels required when called:    3
 This function calls:
		Nothing
 This function is called by:
		_main
 This function uses a non-reentrant model


 *************** function _init_interrupts *****************
 Defined at:
		line 20 in file "micro_setup.c"
 Parameters:    Size  Location     Type
		None
 Auto vars:     Size  Location     Type
		None
 Return value:  Size  Location     Type
                  1    wreg      void 
 Registers used:
		None
 Tracked objects:
		On entry : 
		On exit  : 
		Unchanged: 
 Data sizes:     COMRAM   BANK0   BANK1   BANK2   BANK3   BANK4   BANK5   BANK6   BANK7   BANK8   BANK9  BANK10  BANK11  BANK12  BANK13  BANK14
      Params:         0       0       0       0       0       0       0       0       0       0       0       0       0       0       0       0
      Locals:         0       0       0       0       0       0       0       0       0       0       0       0       0       0       0       0
      Temps:          0       0       0       0       0       0       0       0       0       0       0       0       0       0       0       0
      Totals:         0       0       0       0       0       0       0       0       0       0       0       0       0       0       0       0
Total ram usage:        0 bytes
 Hardware stack levels used:    1
 Hardware stack levels required when called:    3
 This function calls:
		Nothing
 This function is called by:
		_main
 This function uses a non-reentrant model


 *************** function _get_ID *****************
 Defined at:
		line 384 in file "AD7147.c"
 Parameters:    Size  Location     Type
  cdc             2   22[BANK0 ] unsigned int 
 Auto vars:     Size  Location     Type
  result          2   25[BANK0 ] unsigned int 
 Return value:  Size  Location     Type
                  2   22[BANK0 ] unsigned int 
 Registers used:
		wreg, status,2, status,0, cstack
 Tracked objects:
		On entry : 
		On exit  : 
		Unchanged: 
 Data sizes:     COMRAM   BANK0   BANK1   BANK2   BANK3   BANK4   BANK5   BANK6   BANK7   BANK8   BANK9  BANK10  BANK11  BANK12  BANK13  BANK14
      Params:         0       2       0       0       0       0       0       0       0       0       0       0       0       0       0       0
      Locals:         0       2       0       0       0       0       0       0       0       0       0       0       0       0       0       0
      Temps:          0       1       0       0       0       0       0       0       0       0       0       0       0       0       0       0
      Totals:         0       5       0       0       0       0       0       0       0       0       0       0       0       0       0       0
Total ram usage:        5 bytes
 Hardware stack levels used:    1
 Hardware stack levels required when called:    4
 This function calls:
		_get_CDC
		_w16_r16_spi
 This function is called by:
		_main
 This function uses a non-reentrant model


 *************** function _w16_r16_spi *****************
 Defined at:
		line 89 in file "spi.c"
 Parameters:    Size  Location     Type
  address         2    0[BANK0 ] unsigned int 
 Auto vars:     Size  Location     Type
  p4              2   20[BANK0 ] unsigned int 
  p3              2   18[BANK0 ] unsigned int 
  blank_high      2   16[BANK0 ] unsigned int 
  blank_low       2   14[BANK0 ] unsigned int 
  result          2   12[BANK0 ] unsigned int 
  address_high    2   10[BANK0 ] unsigned int 
  address_low     2    8[BANK0 ] unsigned int 
  p2              2    6[BANK0 ] unsigned int 
  p1              2    4[BANK0 ] unsigned int 
 Return value:  Size  Location     Type
                  2    0[BANK0 ] unsigned int 
 Registers used:
		wreg, status,2, status,0
 Tracked objects:
		On entry : 
		On exit  : 
		Unchanged: 
 Data sizes:     COMRAM   BANK0   BANK1   BANK2   BANK3   BANK4   BANK5   BANK6   BANK7   BANK8   BANK9  BANK10  BANK11  BANK12  BANK13  BANK14
      Params:         0       2       0       0       0       0       0       0       0       0       0       0       0       0       0       0
      Locals:         0      18       0       0       0       0       0       0       0       0       0       0       0       0       0       0
      Temps:          0       2       0       0       0       0       0       0       0       0       0       0       0       0       0       0
      Totals:         0      22       0       0       0       0       0       0       0       0       0       0       0       0       0       0
Total ram usage:       22 bytes
 Hardware stack levels used:    1
 Hardware stack levels required when called:    3
 This function calls:
		Nothing
 This function is called by:
		_read_AD7147
		_read_sensor
		_get_ID
		_read_sensors
 This function uses a non-reentrant model


 *************** function _blink_LED *****************
 Defined at:
		line 409 in file "AD7147.c"
 Parameters:    Size  Location     Type
  cdc             2   22[BANK0 ] unsigned int 
 Auto vars:     Size  Location     Type
  message         2   24[BANK0 ] unsigned int 
 Return value:  Size  Location     Type
                  1    wreg      void 
 Registers used:
		wreg, status,2, status,0, cstack
 Tracked objects:
		On entry : 
		On exit  : 
		Unchanged: 
 Data sizes:     COMRAM   BANK0   BANK1   BANK2   BANK3   BANK4   BANK5   BANK6   BANK7   BANK8   BANK9  BANK10  BANK11  BANK12  BANK13  BANK14
      Params:         0       2       0       0       0       0       0       0       0       0       0       0       0       0       0       0
      Locals:         0       2       0       0       0       0       0       0       0       0       0       0       0       0       0       0
      Temps:          0       0       0       0       0       0       0       0       0       0       0       0       0       0       0       0
      Totals:         0       4       0       0       0       0       0       0       0       0       0       0       0       0       0       0
Total ram usage:        4 bytes
 Hardware stack levels used:    1
 Hardware stack levels required when called:    5
 This function calls:
		_delay_ms
		_get_CDC
		_w32_spi
 This function is called by:
		_main
 This function uses a non-reentrant model


 *************** function _w32_spi *****************
 Defined at:
		line 26 in file "spi.c"
 Parameters:    Size  Location     Type
  address         2    0[BANK0 ] unsigned int 
  data            2    2[BANK0 ] unsigned int 
 Auto vars:     Size  Location     Type
  data_high       2   20[BANK0 ] unsigned int 
  data_low        2   18[BANK0 ] unsigned int 
  address_high    2   16[BANK0 ] unsigned int 
  address_low     2   14[BANK0 ] unsigned int 
  p4              2   12[BANK0 ] unsigned int 
  p3              2   10[BANK0 ] unsigned int 
  p2              2    8[BANK0 ] unsigned int 
  p1              2    6[BANK0 ] unsigned int 
 Return value:  Size  Location     Type
                  1    wreg      void 
 Registers used:
		wreg, status,2
 Tracked objects:
		On entry : 
		On exit  : 
		Unchanged: 
 Data sizes:     COMRAM   BANK0   BANK1   BANK2   BANK3   BANK4   BANK5   BANK6   BANK7   BANK8   BANK9  BANK10  BANK11  BANK12  BANK13  BANK14
      Params:         0       4       0       0       0       0       0       0       0       0       0       0       0       0       0       0
      Locals:         0      16       0       0       0       0       0       0       0       0       0       0       0       0       0       0
      Temps:          0       2       0       0       0       0       0       0       0       0       0       0       0       0       0       0
      Totals:         0      22       0       0       0       0       0       0       0       0       0       0       0       0       0       0
Total ram usage:       22 bytes
 Hardware stack levels used:    1
 Hardware stack levels required when called:    3
 This function calls:
		Nothing
 This function is called by:
		_write_AD7147
		_switch_LED
		_blink_LED
 This function uses a non-reentrant model


 *************** function _get_CDC *****************
 Defined at:
		line 424 in file "AD7147.c"
 Parameters:    Size  Location     Type
  cdc             2    0[BANK0 ] unsigned int 
  state           2    2[BANK0 ] unsigned int 
 Auto vars:     Size  Location     Type
		None
 Return value:  Size  Location     Type
                  1    wreg      void 
 Registers used:
		wreg, status,2, status,0
 Tracked objects:
		On entry : 
		On exit  : 
		Unchanged: 
 Data sizes:     COMRAM   BANK0   BANK1   BANK2   BANK3   BANK4   BANK5   BANK6   BANK7   BANK8   BANK9  BANK10  BANK11  BANK12  BANK13  BANK14
      Params:         0       4       0       0       0       0       0       0       0       0       0       0       0       0       0       0
      Locals:         0       0       0       0       0       0       0       0       0       0       0       0       0       0       0       0
      Temps:          0       0       0       0       0       0       0       0       0       0       0       0       0       0       0       0
      Totals:         0       4       0       0       0       0       0       0       0       0       0       0       0       0       0       0
Total ram usage:        4 bytes
 Hardware stack levels used:    1
 Hardware stack levels required when called:    3
 This function calls:
		Nothing
 This function is called by:
		_write_AD7147
		_read_AD7147
		_sensor_CDC
		_get_ID
		_switch_LED
		_blink_LED
		_read_sensors
 This function uses a non-reentrant model


 *************** function _delay_ms *****************
 Defined at:
		line 93 in file "micro_setup.c"
 Parameters:    Size  Location     Type
  n               2    8[BANK0 ] int 
 Auto vars:     Size  Location     Type
  j               2   11[BANK0 ] int 
 Return value:  Size  Location     Type
                  1    wreg      void 
 Registers used:
		wreg, status,2, status,0, cstack
 Tracked objects:
		On entry : 
		On exit  : 
		Unchanged: 
 Data sizes:     COMRAM   BANK0   BANK1   BANK2   BANK3   BANK4   BANK5   BANK6   BANK7   BANK8   BANK9  BANK10  BANK11  BANK12  BANK13  BANK14
      Params:         0       2       0       0       0       0       0       0       0       0       0       0       0       0       0       0
      Locals:         0       2       0       0       0       0       0       0       0       0       0       0       0       0       0       0
      Temps:          0       1       0       0       0       0       0       0       0       0       0       0       0       0       0       0
      Totals:         0       5       0       0       0       0       0       0       0       0       0       0       0       0       0       0
Total ram usage:        5 bytes
 Hardware stack levels used:    1
 Hardware stack levels required when called:    4
 This function calls:
		___awdiv
 This function is called by:
		_switch_LED
		_blink_LED
		_main
 This function uses a non-reentrant model


 *************** function ___awdiv *****************
 Defined at:
		line 8 in file "C:\Program Files (x86)\Microchip\xc8\v1.44\sources\common\awdiv.c"
 Parameters:    Size  Location     Type
  dividend        2    0[BANK0 ] int 
  divisor         2    2[BANK0 ] int 
 Auto vars:     Size  Location     Type
  quotient        2    6[BANK0 ] int 
  sign            1    5[BANK0 ] unsigned char 
  counter         1    4[BANK0 ] unsigned char 
 Return value:  Size  Location     Type
                  2    0[BANK0 ] int 
 Registers used:
		wreg, status,2, status,0
 Tracked objects:
		On entry : 
		On exit  : 
		Unchanged: 
 Data sizes:     COMRAM   BANK0   BANK1   BANK2   BANK3   BANK4   BANK5   BANK6   BANK7   BANK8   BANK9  BANK10  BANK11  BANK12  BANK13  BANK14
      Params:         0       4       0       0       0       0       0       0       0       0       0       0       0       0       0       0
      Locals:         0       4       0       0       0       0       0       0       0       0       0       0       0       0       0       0
      Temps:          0       0       0       0       0       0       0       0       0       0       0       0       0       0       0       0
      Totals:         0       8       0       0       0       0       0       0       0       0       0       0       0       0       0       0
Total ram usage:        8 bytes
 Hardware stack levels used:    1
 Hardware stack levels required when called:    3
 This function calls:
		Nothing
 This function is called by:
		_delay_ms
 This function uses a non-reentrant model


 *************** function _ISR *****************
 Defined at:
		line 21 in file "main.c"
 Parameters:    Size  Location     Type
		None
 Auto vars:     Size  Location     Type
		None
 Return value:  Size  Location     Type
                  1    wreg      void 
 Registers used:
		wreg, fsr2l, fsr2h, status,2, status,0, cstack
 Tracked objects:
		On entry : 
		On exit  : 
		Unchanged: 
 Data sizes:     COMRAM   BANK0   BANK1   BANK2   BANK3   BANK4   BANK5   BANK6   BANK7   BANK8   BANK9  BANK10  BANK11  BANK12  BANK13  BANK14
      Params:         0       0       0       0       0       0       0       0       0       0       0       0       0       0       0       0
      Locals:         0       0       0       0       0       0       0       0       0       0       0       0       0       0       0       0
      Temps:         18       0       0       0       0       0       0       0       0       0       0       0       0       0       0       0
      Totals:        18       0       0       0       0       0       0       0       0       0       0       0       0       0       0       0
Total ram usage:       18 bytes
 Hardware stack levels used:    1
 Hardware stack levels required when called:    2
 This function calls:
		_read_cdc1
		_read_cdc2
		i2_read_AD7147
 This function is called by:
		Interrupt level 2
 This function uses a non-reentrant model


 *************** function i2_read_AD7147 *****************
 Defined at:
		line 307 in file "AD7147.c"
 Parameters:    Size  Location     Type
  DataBuffer      2   22[COMRAM] PTR unsigned int 
		 -> interrupt_values_cdc2(6), interrupt_values_cdc1(6), 
  RegisterStar    2   24[COMRAM] unsigned int 
  NumberOfRegi    2   26[COMRAM] unsigned int 
  cdc             2   28[COMRAM] unsigned int 
 Auto vars:     Size  Location     Type
  read_AD7147     2   32[COMRAM] unsigned int 
  read_AD7147     2   30[COMRAM] unsigned int 
 Return value:  Size  Location     Type
                  1    wreg      void 
 Registers used:
		wreg, fsr2l, fsr2h, status,2, status,0, cstack
 Tracked objects:
		On entry : 
		On exit  : 
		Unchanged: 
 Data sizes:     COMRAM   BANK0   BANK1   BANK2   BANK3   BANK4   BANK5   BANK6   BANK7   BANK8   BANK9  BANK10  BANK11  BANK12  BANK13  BANK14
      Params:         8       0       0       0       0       0       0       0       0       0       0       0       0       0       0       0
      Locals:         4       0       0       0       0       0       0       0       0       0       0       0       0       0       0       0
      Temps:          0       0       0       0       0       0       0       0       0       0       0       0       0       0       0       0
      Totals:        12       0       0       0       0       0       0       0       0       0       0       0       0       0       0       0
Total ram usage:       12 bytes
 Hardware stack levels used:    1
 Hardware stack levels required when called:    1
 This function calls:
		i2_get_CDC
		i2_w16_r16_spi
 This function is called by:
		_ISR
 This function uses a non-reentrant model


 *************** function _read_cdc2 *****************
 Defined at:
		line 359 in file "AD7147.c"
 Parameters:    Size  Location     Type
  sensor_value    2   22[COMRAM] PTR unsigned int 
		 -> sensor_values(48), 
 Auto vars:     Size  Location     Type
  i               2   24[COMRAM] unsigned int 
 Return value:  Size  Location     Type
                  1    wreg      void 
 Registers used:
		wreg, fsr2l, fsr2h, status,2, status,0, cstack
 Tracked objects:
		On entry : 
		On exit  : 
		Unchanged: 
 Data sizes:     COMRAM   BANK0   BANK1   BANK2   BANK3   BANK4   BANK5   BANK6   BANK7   BANK8   BANK9  BANK10  BANK11  BANK12  BANK13  BANK14
      Params:         2       0       0       0       0       0       0       0       0       0       0       0       0       0       0       0
      Locals:         2       0       0       0       0       0       0       0       0       0       0       0       0       0       0       0
      Temps:          0       0       0       0       0       0       0       0       0       0       0       0       0       0       0       0
      Totals:         4       0       0       0       0       0       0       0       0       0       0       0       0       0       0       0
Total ram usage:        4 bytes
 Hardware stack levels used:    1
 Hardware stack levels required when called:    1
 This function calls:
		_r16_spi
		i2_get_CDC
		i2_w16_r16_spi
 This function is called by:
		_ISR
 This function uses a non-reentrant model


 *************** function _read_cdc1 *****************
 Defined at:
		line 348 in file "AD7147.c"
 Parameters:    Size  Location     Type
  sensor_value    2   22[COMRAM] PTR unsigned int 
		 -> sensor_values(48), 
 Auto vars:     Size  Location     Type
  i               2   24[COMRAM] unsigned int 
 Return value:  Size  Location     Type
                  1    wreg      void 
 Registers used:
		wreg, fsr2l, fsr2h, status,2, status,0, cstack
 Tracked objects:
		On entry : 
		On exit  : 
		Unchanged: 
 Data sizes:     COMRAM   BANK0   BANK1   BANK2   BANK3   BANK4   BANK5   BANK6   BANK7   BANK8   BANK9  BANK10  BANK11  BANK12  BANK13  BANK14
      Params:         2       0       0       0       0       0       0       0       0       0       0       0       0       0       0       0
      Locals:         2       0       0       0       0       0       0       0       0       0       0       0       0       0       0       0
      Temps:          0       0       0       0       0       0       0       0       0       0       0       0       0       0       0       0
      Totals:         4       0       0       0       0       0       0       0       0       0       0       0       0       0       0       0
Total ram usage:        4 bytes
 Hardware stack levels used:    1
 Hardware stack levels required when called:    1
 This function calls:
		_r16_spi
		i2_get_CDC
		i2_w16_r16_spi
 This function is called by:
		_ISR
 This function uses a non-reentrant model


 *************** function i2_w16_r16_spi *****************
 Defined at:
		line 89 in file "spi.c"
 Parameters:    Size  Location     Type
  address         2    0[COMRAM] unsigned int 
 Auto vars:     Size  Location     Type
  w16_r16_spi     2   20[COMRAM] unsigned int 
  w16_r16_spi     2   18[COMRAM] unsigned int 
  w16_r16_spi     2   16[COMRAM] unsigned int 
  w16_r16_spi     2   14[COMRAM] unsigned int 
  w16_r16_spi     2   12[COMRAM] unsigned int 
  w16_r16_spi     2   10[COMRAM] unsigned int 
  w16_r16_spi     2    8[COMRAM] unsigned int 
  w16_r16_spi     2    6[COMRAM] unsigned int 
  w16_r16_spi     2    4[COMRAM] unsigned int 
 Return value:  Size  Location     Type
                  2    0[COMRAM] unsigned int 
 Registers used:
		wreg, status,2, status,0
 Tracked objects:
		On entry : 
		On exit  : 
		Unchanged: 
 Data sizes:     COMRAM   BANK0   BANK1   BANK2   BANK3   BANK4   BANK5   BANK6   BANK7   BANK8   BANK9  BANK10  BANK11  BANK12  BANK13  BANK14
      Params:         2       0       0       0       0       0       0       0       0       0       0       0       0       0       0       0
      Locals:        18       0       0       0       0       0       0       0       0       0       0       0       0       0       0       0
      Temps:          2       0       0       0       0       0       0       0       0       0       0       0       0       0       0       0
      Totals:        22       0       0       0       0       0       0       0       0       0       0       0       0       0       0       0
Total ram usage:       22 bytes
 Hardware stack levels used:    1
 This function calls:
		Nothing
 This function is called by:
		_read_cdc1
		_read_cdc2
		i2_read_AD7147
 This function uses a non-reentrant model


 *************** function i2_get_CDC *****************
 Defined at:
		line 424 in file "AD7147.c"
 Parameters:    Size  Location     Type
  cdc             2    0[COMRAM] unsigned int 
  state           2    2[COMRAM] unsigned int 
 Auto vars:     Size  Location     Type
		None
 Return value:  Size  Location     Type
                  1    wreg      void 
 Registers used:
		wreg, status,2, status,0
 Tracked objects:
		On entry : 
		On exit  : 
		Unchanged: 
 Data sizes:     COMRAM   BANK0   BANK1   BANK2   BANK3   BANK4   BANK5   BANK6   BANK7   BANK8   BANK9  BANK10  BANK11  BANK12  BANK13  BANK14
      Params:         4       0       0       0       0       0       0       0       0       0       0       0       0       0       0       0
      Locals:         0       0       0       0       0       0       0       0       0       0       0       0       0       0       0       0
      Temps:          0       0       0       0       0       0       0       0       0       0       0       0       0       0       0       0
      Totals:         4       0       0       0       0       0       0       0       0       0       0       0       0       0       0       0
Total ram usage:        4 bytes
 Hardware stack levels used:    1
 This function calls:
		Nothing
 This function is called by:
		_read_cdc1
		_read_cdc2
		i2_read_AD7147
 This function uses a non-reentrant model


 *************** function _r16_spi *****************
 Defined at:
		line 70 in file "spi.c"
 Parameters:    Size  Location     Type
		None
 Auto vars:     Size  Location     Type
  result          2   12[COMRAM] unsigned int 
  p2              2   10[COMRAM] unsigned int 
  p1              2    8[COMRAM] unsigned int 
  blank_high      2    6[COMRAM] unsigned int 
  blank_low       2    4[COMRAM] unsigned int 
 Return value:  Size  Location     Type
                  2    0[COMRAM] unsigned int 
 Registers used:
		wreg, status,2, status,0
 Tracked objects:
		On entry : 
		On exit  : 
		Unchanged: 
 Data sizes:     COMRAM   BANK0   BANK1   BANK2   BANK3   BANK4   BANK5   BANK6   BANK7   BANK8   BANK9  BANK10  BANK11  BANK12  BANK13  BANK14
      Params:         2       0       0       0       0       0       0       0       0       0       0       0       0       0       0       0
      Locals:        10       0       0       0       0       0       0       0       0       0       0       0       0       0       0       0
      Temps:          2       0       0       0       0       0       0       0       0       0       0       0       0       0       0       0
      Totals:        14       0       0       0       0       0       0       0       0       0       0       0       0       0       0       0
Total ram usage:       14 bytes
 Hardware stack levels used:    1
 This function calls:
		Nothing
 This function is called by:
		_read_cdc1
		_read_cdc2
 This function uses a non-reentrant model



MODULE INFORMATION

Module		Function		Class		Link	Load	Size
C:\Program Files (x86)\Microchip\xc8\v1.44\sources\common\memset.c
		_memset        		CODE           	12D4	0000	49

C:\Program Files (x86)\Microchip\xc8\v1.44\sources\common\memset.c estimated size: 49

uart.c
		_uart_write_char		CODE           	13C6	0000	15
		_uart_read_char		CODE           	139E	0000	21
		_uart_write_unsigned_int		CODE           	136C	0000	29
		_uart_read_unsigned_int		CODE           	12A4	0000	49
		_uart_read_indicator		CODE           	11DC	0000	71

uart.c estimated size: 185

micro_setup.c
		_init_uart     		CODE           	13B2	0000	21
		_setup_mcu     		CODE           	13E0	0000	11
		_setup_port    		CODE           	13D4	0000	13
		_delay_ms      		CODE           	1222	0000	71
		_init_interrupts		CODE           	1328	0000	35

micro_setup.c estimated size: 151

spi.c
		_w32_spi       		CODE           	106E	0000	121
		_r16_spi       		CODE           	1194	0000	73
		_w16_r16_spi   		CODE           	0C66	0000	137
		_setup_spi     		CODE           	1388	0000	23

spi.c estimated size: 354

shared
		__initialization		CODE           	1144	0000	67
		i2_get_CDC     		CODE           	134A	0000	35
		i2_w16_r16_spi 		CODE           	0F76	0000	127
		i2_read_AD7147 		CODE           	0FF4	0000	123

shared estimated size: 352

C:\Program Files (x86)\Microchip\xc8\v1.44\sources\common\awdiv.c
		___awdiv       		CODE           	0CEE	0000	135

C:\Program Files (x86)\Microchip\xc8\v1.44\sources\common\awdiv.c estimated size: 135

AD7147.c
		_write_AD7147  		CODE           	0BCA	0000	157
		_setup_AD7147  		CODE           	0112	0000	1633
		_read_cdc1     		CODE           	0EF8	0000	127
		_read_cdc2     		CODE           	0DF6	0000	131
		_get_ID        		CODE           	10E6	0000	95
		_get_CDC       		CODE           	1304	0000	37
		_switch_LED    		CODE           	0D74	0000	131
		_read_sensor   		CODE           	0B28	0000	163
		_read_AD7147   		CODE           	0E78	0000	129
		_sensor_CDC    		CODE           	1268	0000	61
		_blink_LED     		CODE           	0A68	0000	193

AD7147.c estimated size: 2857

main.c
		_ISR           		CODE           	0008	0000	263
		_main          		CODE           	0772	0000	759

main.c estimated size: 1022

